queued continuation job (chain 1): Submitted batch job 48836712
running 162/162 surfing-search runs with 162 workers
  nogap/SURF_mJ_1_aemb_1.00_fe_1_tdep_1e+04.bin  t_int=1.2e+05
  nogap/SURF_mJ_1_aemb_1.00_fe_1_tdep_3e+04.bin  t_int=3.6e+05
  nogap/SURF_mJ_1_aemb_1.00_fe_1_tdep_1e+05.bin  t_int=1.2e+06
  nogap/SURF_mJ_1_aemb_1.00_fe_0.5_tdep_1e+04.bin  t_int=1.2e+05
  nogap/SURF_mJ_1_aemb_1.00_fe_0.5_tdep_3e+04.bin  t_int=3.6e+05
  nogap/SURF_mJ_1_aemb_1.00_fe_0.5_tdep_1e+05.bin  t_int=1.2e+06
  nogap/SURF_mJ_1_aemb_1.00_fe_0_tdep_1e+04.bin  t_int=1.2e+05
  nogap/SURF_mJ_1_aemb_1.00_fe_0_tdep_3e+04.bin  t_int=3.6e+05
  nogap/SURF_mJ_1_aemb_1.00_fe_0_tdep_1e+05.bin  t_int=1.2e+06
  nogap/SURF_mJ_1_aemb_1.50_fe_1_tdep_1e+04.bin  t_int=1.2e+05
  nogap/SURF_mJ_1_aemb_1.50_fe_1_tdep_3e+04.bin  t_int=3.6e+05
  nogap/SURF_mJ_1_aemb_1.50_fe_1_tdep_1e+05.bin  t_int=1.2e+06
  nogap/SURF_mJ_1_aemb_1.50_fe_0.5_tdep_1e+04.bin  t_int=1.2e+05
  nogap/SURF_mJ_1_aemb_1.50_fe_0.5_tdep_3e+04.bin  t_int=3.6e+05
  nogap/SURF_mJ_1_aemb_1.50_fe_0.5_tdep_1e+05.bin  t_int=1.2e+06
  nogap/SURF_mJ_1_aemb_1.50_fe_0_tdep_1e+04.bin  t_int=1.2e+05
  nogap/SURF_mJ_1_aemb_1.50_fe_0_tdep_3e+04.bin  t_int=3.6e+05
  nogap/SURF_mJ_1_aemb_1.50_fe_0_tdep_1e+05.bin  t_int=1.2e+06
  nogap/SURF_mJ_1_aemb_2.00_fe_1_tdep_1e+04.bin  t_int=1.2e+05
  nogap/SURF_mJ_1_aemb_2.00_fe_1_tdep_3e+04.bin  t_int=3.6e+05
  nogap/SURF_mJ_1_aemb_2.00_fe_1_tdep_1e+05.bin  t_int=1.2e+06
  nogap/SURF_mJ_1_aemb_2.00_fe_0.5_tdep_1e+04.bin  t_int=1.2e+05
  nogap/SURF_mJ_1_aemb_2.00_fe_0.5_tdep_3e+04.bin  t_int=3.6e+05
  nogap/SURF_mJ_1_aemb_2.00_fe_0.5_tdep_1e+05.bin  t_int=1.2e+06
  nogap/SURF_mJ_1_aemb_2.00_fe_0_tdep_1e+04.bin  t_int=1.2e+05
  nogap/SURF_mJ_1_aemb_2.00_fe_0_tdep_3e+04.bin  t_int=3.6e+05
  nogap/SURF_mJ_1_aemb_2.00_fe_0_tdep_1e+05.bin  t_int=1.2e+06
  nogap/SURF_mJ_3_aemb_1.00_fe_1_tdep_1e+04.bin  t_int=1.2e+05
  nogap/SURF_mJ_3_aemb_1.00_fe_1_tdep_3e+04.bin  t_int=3.6e+05
  nogap/SURF_mJ_3_aemb_1.00_fe_1_tdep_1e+05.bin  t_int=1.2e+06
  nogap/SURF_mJ_3_aemb_1.00_fe_0.5_tdep_1e+04.bin  t_int=1.2e+05
  nogap/SURF_mJ_3_aemb_1.00_fe_0.5_tdep_3e+04.bin  t_int=3.6e+05
  nogap/SURF_mJ_3_aemb_1.00_fe_0.5_tdep_1e+05.bin  t_int=1.2e+06
  nogap/SURF_mJ_3_aemb_1.00_fe_0_tdep_1e+04.bin  t_int=1.2e+05
  nogap/SURF_mJ_3_aemb_1.00_fe_0_tdep_3e+04.bin  t_int=3.6e+05
  nogap/SURF_mJ_3_aemb_1.00_fe_0_tdep_1e+05.bin  t_int=1.2e+06
  nogap/SURF_mJ_3_aemb_1.50_fe_1_tdep_1e+04.bin  t_int=1.2e+05
  nogap/SURF_mJ_3_aemb_1.50_fe_1_tdep_3e+04.bin  t_int=3.6e+05
  nogap/SURF_mJ_3_aemb_1.50_fe_1_tdep_1e+05.bin  t_int=1.2e+06
  nogap/SURF_mJ_3_aemb_1.50_fe_0.5_tdep_1e+04.bin  t_int=1.2e+05
  nogap/SURF_mJ_3_aemb_1.50_fe_0.5_tdep_3e+04.bin  t_int=3.6e+05
  nogap/SURF_mJ_3_aemb_1.50_fe_0.5_tdep_1e+05.bin  t_int=1.2e+06
  nogap/SURF_mJ_3_aemb_1.50_fe_0_tdep_1e+04.bin  t_int=1.2e+05
  nogap/SURF_mJ_3_aemb_1.50_fe_0_tdep_3e+04.bin  t_int=3.6e+05
  nogap/SURF_mJ_3_aemb_1.50_fe_0_tdep_1e+05.bin  t_int=1.2e+06
  nogap/SURF_mJ_3_aemb_2.00_fe_1_tdep_1e+04.bin  t_int=1.2e+05
  nogap/SURF_mJ_3_aemb_2.00_fe_1_tdep_3e+04.bin  t_int=3.6e+05
  nogap/SURF_mJ_3_aemb_2.00_fe_1_tdep_1e+05.bin  t_int=1.2e+06
  nogap/SURF_mJ_3_aemb_2.00_fe_0.5_tdep_1e+04.bin  t_int=1.2e+05
  nogap/SURF_mJ_3_aemb_2.00_fe_0.5_tdep_3e+04.bin  t_int=3.6e+05
  nogap/SURF_mJ_3_aemb_2.00_fe_0.5_tdep_1e+05.bin  t_int=1.2e+06
  nogap/SURF_mJ_3_aemb_2.00_fe_0_tdep_1e+04.bin  t_int=1.2e+05
  nogap/SURF_mJ_3_aemb_2.00_fe_0_tdep_3e+04.bin  t_int=3.6e+05
  nogap/SURF_mJ_3_aemb_2.00_fe_0_tdep_1e+05.bin  t_int=1.2e+06
  nogap/SURF_mJ_10_aemb_1.00_fe_1_tdep_1e+04.bin  t_int=1.2e+05
  nogap/SURF_mJ_10_aemb_1.00_fe_1_tdep_3e+04.bin  t_int=3.6e+05
  nogap/SURF_mJ_10_aemb_1.00_fe_1_tdep_1e+05.bin  t_int=1.2e+06
  nogap/SURF_mJ_10_aemb_1.00_fe_0.5_tdep_1e+04.bin  t_int=1.2e+05
  nogap/SURF_mJ_10_aemb_1.00_fe_0.5_tdep_3e+04.bin  t_int=3.6e+05
  nogap/SURF_mJ_10_aemb_1.00_fe_0.5_tdep_1e+05.bin  t_int=1.2e+06
  nogap/SURF_mJ_10_aemb_1.00_fe_0_tdep_1e+04.bin  t_int=1.2e+05
  nogap/SURF_mJ_10_aemb_1.00_fe_0_tdep_3e+04.bin  t_int=3.6e+05
  nogap/SURF_mJ_10_aemb_1.00_fe_0_tdep_1e+05.bin  t_int=1.2e+06
  nogap/SURF_mJ_10_aemb_1.50_fe_1_tdep_1e+04.bin  t_int=1.2e+05
  nogap/SURF_mJ_10_aemb_1.50_fe_1_tdep_3e+04.bin  t_int=3.6e+05
  nogap/SURF_mJ_10_aemb_1.50_fe_1_tdep_1e+05.bin  t_int=1.2e+06
  nogap/SURF_mJ_10_aemb_1.50_fe_0.5_tdep_1e+04.bin  t_int=1.2e+05
  nogap/SURF_mJ_10_aemb_1.50_fe_0.5_tdep_3e+04.bin  t_int=3.6e+05
  nogap/SURF_mJ_10_aemb_1.50_fe_0.5_tdep_1e+05.bin  t_int=1.2e+06
  nogap/SURF_mJ_10_aemb_1.50_fe_0_tdep_1e+04.bin  t_int=1.2e+05
  nogap/SURF_mJ_10_aemb_1.50_fe_0_tdep_3e+04.bin  t_int=3.6e+05
  nogap/SURF_mJ_10_aemb_1.50_fe_0_tdep_1e+05.bin  t_int=1.2e+06
  nogap/SURF_mJ_10_aemb_2.00_fe_1_tdep_1e+04.bin  t_int=1.2e+05
  nogap/SURF_mJ_10_aemb_2.00_fe_1_tdep_3e+04.bin  t_int=3.6e+05
  nogap/SURF_mJ_10_aemb_2.00_fe_1_tdep_1e+05.bin  t_int=1.2e+06
  nogap/SURF_mJ_10_aemb_2.00_fe_0.5_tdep_1e+04.bin  t_int=1.2e+05
  nogap/SURF_mJ_10_aemb_2.00_fe_0.5_tdep_3e+04.bin  t_int=3.6e+05
  nogap/SURF_mJ_10_aemb_2.00_fe_0.5_tdep_1e+05.bin  t_int=1.2e+06
  nogap/SURF_mJ_10_aemb_2.00_fe_0_tdep_1e+04.bin  t_int=1.2e+05
  nogap/SURF_mJ_10_aemb_2.00_fe_0_tdep_3e+04.bin  t_int=3.6e+05
  nogap/SURF_mJ_10_aemb_2.00_fe_0_tdep_1e+05.bin  t_int=1.2e+06
  gap/SURF_mJ_1_aemb_1.00_fe_1_tdep_1e+04.bin  t_int=1.2e+05
  gap/SURF_mJ_1_aemb_1.00_fe_1_tdep_3e+04.bin  t_int=3.6e+05
  gap/SURF_mJ_1_aemb_1.00_fe_1_tdep_1e+05.bin  t_int=1.2e+06
  gap/SURF_mJ_1_aemb_1.00_fe_0.5_tdep_1e+04.bin  t_int=1.2e+05
  gap/SURF_mJ_1_aemb_1.00_fe_0.5_tdep_3e+04.bin  t_int=3.6e+05
  gap/SURF_mJ_1_aemb_1.00_fe_0.5_tdep_1e+05.bin  t_int=1.2e+06
  gap/SURF_mJ_1_aemb_1.00_fe_0_tdep_1e+04.bin  t_int=1.2e+05
  gap/SURF_mJ_1_aemb_1.00_fe_0_tdep_3e+04.bin  t_int=3.6e+05
  gap/SURF_mJ_1_aemb_1.00_fe_0_tdep_1e+05.bin  t_int=1.2e+06
  gap/SURF_mJ_1_aemb_1.50_fe_1_tdep_1e+04.bin  t_int=1.2e+05
  gap/SURF_mJ_1_aemb_1.50_fe_1_tdep_3e+04.bin  t_int=3.6e+05
  gap/SURF_mJ_1_aemb_1.50_fe_1_tdep_1e+05.bin  t_int=1.2e+06
  gap/SURF_mJ_1_aemb_1.50_fe_0.5_tdep_1e+04.bin  t_int=1.2e+05
  gap/SURF_mJ_1_aemb_1.50_fe_0.5_tdep_3e+04.bin  t_int=3.6e+05
  gap/SURF_mJ_1_aemb_1.50_fe_0.5_tdep_1e+05.bin  t_int=1.2e+06
  gap/SURF_mJ_1_aemb_1.50_fe_0_tdep_1e+04.bin  t_int=1.2e+05
  gap/SURF_mJ_1_aemb_1.50_fe_0_tdep_3e+04.bin  t_int=3.6e+05
  gap/SURF_mJ_1_aemb_1.50_fe_0_tdep_1e+05.bin  t_int=1.2e+06
  gap/SURF_mJ_1_aemb_2.00_fe_1_tdep_1e+04.bin  t_int=1.2e+05
  gap/SURF_mJ_1_aemb_2.00_fe_1_tdep_3e+04.bin  t_int=3.6e+05
  gap/SURF_mJ_1_aemb_2.00_fe_1_tdep_1e+05.bin  t_int=1.2e+06
  gap/SURF_mJ_1_aemb_2.00_fe_0.5_tdep_1e+04.bin  t_int=1.2e+05
  gap/SURF_mJ_1_aemb_2.00_fe_0.5_tdep_3e+04.bin  t_int=3.6e+05
  gap/SURF_mJ_1_aemb_2.00_fe_0.5_tdep_1e+05.bin  t_int=1.2e+06
  gap/SURF_mJ_1_aemb_2.00_fe_0_tdep_1e+04.bin  t_int=1.2e+05
  gap/SURF_mJ_1_aemb_2.00_fe_0_tdep_3e+04.bin  t_int=3.6e+05
  gap/SURF_mJ_1_aemb_2.00_fe_0_tdep_1e+05.bin  t_int=1.2e+06
  gap/SURF_mJ_3_aemb_1.00_fe_1_tdep_1e+04.bin  t_int=1.2e+05
  gap/SURF_mJ_3_aemb_1.00_fe_1_tdep_3e+04.bin  t_int=3.6e+05
  gap/SURF_mJ_3_aemb_1.00_fe_1_tdep_1e+05.bin  t_int=1.2e+06
  gap/SURF_mJ_3_aemb_1.00_fe_0.5_tdep_1e+04.bin  t_int=1.2e+05
  gap/SURF_mJ_3_aemb_1.00_fe_0.5_tdep_3e+04.bin  t_int=3.6e+05
  gap/SURF_mJ_3_aemb_1.00_fe_0.5_tdep_1e+05.bin  t_int=1.2e+06
  gap/SURF_mJ_3_aemb_1.00_fe_0_tdep_1e+04.bin  t_int=1.2e+05
  gap/SURF_mJ_3_aemb_1.00_fe_0_tdep_3e+04.bin  t_int=3.6e+05
  gap/SURF_mJ_3_aemb_1.00_fe_0_tdep_1e+05.bin  t_int=1.2e+06
  gap/SURF_mJ_3_aemb_1.50_fe_1_tdep_1e+04.bin  t_int=1.2e+05
  gap/SURF_mJ_3_aemb_1.50_fe_1_tdep_3e+04.bin  t_int=3.6e+05
  gap/SURF_mJ_3_aemb_1.50_fe_1_tdep_1e+05.bin  t_int=1.2e+06
  gap/SURF_mJ_3_aemb_1.50_fe_0.5_tdep_1e+04.bin  t_int=1.2e+05
  gap/SURF_mJ_3_aemb_1.50_fe_0.5_tdep_3e+04.bin  t_int=3.6e+05
  gap/SURF_mJ_3_aemb_1.50_fe_0.5_tdep_1e+05.bin  t_int=1.2e+06
  gap/SURF_mJ_3_aemb_1.50_fe_0_tdep_1e+04.bin  t_int=1.2e+05
  gap/SURF_mJ_3_aemb_1.50_fe_0_tdep_3e+04.bin  t_int=3.6e+05
  gap/SURF_mJ_3_aemb_1.50_fe_0_tdep_1e+05.bin  t_int=1.2e+06
  gap/SURF_mJ_3_aemb_2.00_fe_1_tdep_1e+04.bin  t_int=1.2e+05
  gap/SURF_mJ_3_aemb_2.00_fe_1_tdep_3e+04.bin  t_int=3.6e+05
  gap/SURF_mJ_3_aemb_2.00_fe_1_tdep_1e+05.bin  t_int=1.2e+06
  gap/SURF_mJ_3_aemb_2.00_fe_0.5_tdep_1e+04.bin  t_int=1.2e+05
  gap/SURF_mJ_3_aemb_2.00_fe_0.5_tdep_3e+04.bin  t_int=3.6e+05
  gap/SURF_mJ_3_aemb_2.00_fe_0.5_tdep_1e+05.bin  t_int=1.2e+06
  gap/SURF_mJ_3_aemb_2.00_fe_0_tdep_1e+04.bin  t_int=1.2e+05
  gap/SURF_mJ_3_aemb_2.00_fe_0_tdep_3e+04.bin  t_int=3.6e+05
  gap/SURF_mJ_3_aemb_2.00_fe_0_tdep_1e+05.bin  t_int=1.2e+06
  gap/SURF_mJ_10_aemb_1.00_fe_1_tdep_1e+04.bin  t_int=1.2e+05
  gap/SURF_mJ_10_aemb_1.00_fe_1_tdep_3e+04.bin  t_int=3.6e+05
  gap/SURF_mJ_10_aemb_1.00_fe_1_tdep_1e+05.bin  t_int=1.2e+06
  gap/SURF_mJ_10_aemb_1.00_fe_0.5_tdep_1e+04.bin  t_int=1.2e+05
  gap/SURF_mJ_10_aemb_1.00_fe_0.5_tdep_3e+04.bin  t_int=3.6e+05
  gap/SURF_mJ_10_aemb_1.00_fe_0.5_tdep_1e+05.bin  t_int=1.2e+06
  gap/SURF_mJ_10_aemb_1.00_fe_0_tdep_1e+04.bin  t_int=1.2e+05
  gap/SURF_mJ_10_aemb_1.00_fe_0_tdep_3e+04.bin  t_int=3.6e+05
  gap/SURF_mJ_10_aemb_1.00_fe_0_tdep_1e+05.bin  t_int=1.2e+06
  gap/SURF_mJ_10_aemb_1.50_fe_1_tdep_1e+04.bin  t_int=1.2e+05
  gap/SURF_mJ_10_aemb_1.50_fe_1_tdep_3e+04.bin  t_int=3.6e+05
  gap/SURF_mJ_10_aemb_1.50_fe_1_tdep_1e+05.bin  t_int=1.2e+06
  gap/SURF_mJ_10_aemb_1.50_fe_0.5_tdep_1e+04.bin  t_int=1.2e+05
  gap/SURF_mJ_10_aemb_1.50_fe_0.5_tdep_3e+04.bin  t_int=3.6e+05
  gap/SURF_mJ_10_aemb_1.50_fe_0.5_tdep_1e+05.bin  t_int=1.2e+06
  gap/SURF_mJ_10_aemb_1.50_fe_0_tdep_1e+04.bin  t_int=1.2e+05
  gap/SURF_mJ_10_aemb_1.50_fe_0_tdep_3e+04.bin  t_int=3.6e+05
  gap/SURF_mJ_10_aemb_1.50_fe_0_tdep_1e+05.bin  t_int=1.2e+06
  gap/SURF_mJ_10_aemb_2.00_fe_1_tdep_1e+04.bin  t_int=1.2e+05
  gap/SURF_mJ_10_aemb_2.00_fe_1_tdep_3e+04.bin  t_int=3.6e+05
  gap/SURF_mJ_10_aemb_2.00_fe_1_tdep_1e+05.bin  t_int=1.2e+06
  gap/SURF_mJ_10_aemb_2.00_fe_0.5_tdep_1e+04.bin  t_int=1.2e+05
  gap/SURF_mJ_10_aemb_2.00_fe_0.5_tdep_3e+04.bin  t_int=3.6e+05
  gap/SURF_mJ_10_aemb_2.00_fe_0.5_tdep_1e+05.bin  t_int=1.2e+06
  gap/SURF_mJ_10_aemb_2.00_fe_0_tdep_1e+04.bin  t_int=1.2e+05
  gap/SURF_mJ_10_aemb_2.00_fe_0_tdep_3e+04.bin  t_int=3.6e+05
  gap/SURF_mJ_10_aemb_2.00_fe_0_tdep_1e+05.bin  t_int=1.2e+06
finished: SURF_mJ_1_aemb_1.00_fe_1_tdep_1e+04.bin
finished: SURF_mJ_1_aemb_1.00_fe_1_tdep_3e+04.bin
finished: SURF_mJ_1_aemb_1.00_fe_1_tdep_1e+05.bin
finished: SURF_mJ_1_aemb_1.00_fe_0.5_tdep_1e+04.bin
finished: SURF_mJ_1_aemb_1.00_fe_0.5_tdep_3e+04.bin
finished: SURF_mJ_1_aemb_1.00_fe_0.5_tdep_1e+05.bin
finished: SURF_mJ_1_aemb_1.00_fe_0_tdep_1e+04.bin
finished: SURF_mJ_1_aemb_1.00_fe_0_tdep_3e+04.bin
finished: SURF_mJ_1_aemb_1.00_fe_0_tdep_1e+05.bin
finished: SURF_mJ_1_aemb_1.50_fe_1_tdep_1e+04.bin
finished: SURF_mJ_1_aemb_1.50_fe_1_tdep_3e+04.bin
finished: SURF_mJ_1_aemb_1.50_fe_1_tdep_1e+05.bin
finished: SURF_mJ_1_aemb_1.50_fe_0.5_tdep_1e+04.bin
finished: SURF_mJ_1_aemb_1.50_fe_0.5_tdep_3e+04.bin
finished: SURF_mJ_1_aemb_1.50_fe_0.5_tdep_1e+05.bin
finished: SURF_mJ_1_aemb_1.50_fe_0_tdep_1e+04.bin
finished: SURF_mJ_1_aemb_1.50_fe_0_tdep_3e+04.bin
finished: SURF_mJ_1_aemb_1.50_fe_0_tdep_1e+05.bin
finished: SURF_mJ_1_aemb_2.00_fe_1_tdep_1e+04.bin
finished: SURF_mJ_1_aemb_2.00_fe_1_tdep_3e+04.bin
finished: SURF_mJ_1_aemb_2.00_fe_1_tdep_1e+05.bin
finished: SURF_mJ_1_aemb_2.00_fe_0.5_tdep_1e+04.bin
finished: SURF_mJ_1_aemb_2.00_fe_0.5_tdep_3e+04.bin
finished: SURF_mJ_1_aemb_2.00_fe_0.5_tdep_1e+05.bin
finished: SURF_mJ_1_aemb_2.00_fe_0_tdep_1e+04.bin
finished: SURF_mJ_1_aemb_2.00_fe_0_tdep_3e+04.bin
finished: SURF_mJ_1_aemb_2.00_fe_0_tdep_1e+05.bin
finished: SURF_mJ_3_aemb_1.00_fe_1_tdep_1e+04.bin
finished: SURF_mJ_3_aemb_1.00_fe_1_tdep_3e+04.bin
finished: SURF_mJ_3_aemb_1.00_fe_1_tdep_1e+05.bin
finished: SURF_mJ_3_aemb_1.00_fe_0.5_tdep_1e+04.bin
finished: SURF_mJ_3_aemb_1.00_fe_0.5_tdep_3e+04.bin
finished: SURF_mJ_3_aemb_1.00_fe_0.5_tdep_1e+05.bin
finished: SURF_mJ_3_aemb_1.00_fe_0_tdep_1e+04.bin
finished: SURF_mJ_3_aemb_1.00_fe_0_tdep_3e+04.bin
finished: SURF_mJ_3_aemb_1.00_fe_0_tdep_1e+05.bin
finished: SURF_mJ_3_aemb_1.50_fe_1_tdep_1e+04.bin
finished: SURF_mJ_3_aemb_1.50_fe_1_tdep_3e+04.bin
finished: SURF_mJ_3_aemb_1.50_fe_1_tdep_1e+05.bin
finished: SURF_mJ_3_aemb_1.50_fe_0.5_tdep_1e+04.bin
finished: SURF_mJ_3_aemb_1.50_fe_0.5_tdep_3e+04.bin
finished: SURF_mJ_3_aemb_1.50_fe_0.5_tdep_1e+05.bin
finished: SURF_mJ_3_aemb_1.50_fe_0_tdep_1e+04.bin
finished: SURF_mJ_3_aemb_1.50_fe_0_tdep_3e+04.bin
finished: SURF_mJ_3_aemb_1.50_fe_0_tdep_1e+05.bin
finished: SURF_mJ_3_aemb_2.00_fe_1_tdep_1e+04.bin
finished: SURF_mJ_3_aemb_2.00_fe_1_tdep_3e+04.bin
finished: SURF_mJ_3_aemb_2.00_fe_1_tdep_1e+05.bin
finished: SURF_mJ_3_aemb_2.00_fe_0.5_tdep_1e+04.bin
finished: SURF_mJ_3_aemb_2.00_fe_0.5_tdep_3e+04.bin
finished: SURF_mJ_3_aemb_2.00_fe_0.5_tdep_1e+05.bin
finished: SURF_mJ_3_aemb_2.00_fe_0_tdep_1e+04.bin
finished: SURF_mJ_3_aemb_2.00_fe_0_tdep_3e+04.bin
finished: SURF_mJ_3_aemb_2.00_fe_0_tdep_1e+05.bin
finished: SURF_mJ_10_aemb_1.00_fe_1_tdep_1e+04.bin
finished: SURF_mJ_10_aemb_1.00_fe_1_tdep_3e+04.bin
finished: SURF_mJ_10_aemb_1.00_fe_1_tdep_1e+05.bin
finished: SURF_mJ_10_aemb_1.00_fe_0.5_tdep_1e+04.bin
finished: SURF_mJ_10_aemb_1.00_fe_0.5_tdep_3e+04.bin
finished: SURF_mJ_10_aemb_1.00_fe_0.5_tdep_1e+05.bin
finished: SURF_mJ_10_aemb_1.00_fe_0_tdep_1e+04.bin
finished: SURF_mJ_10_aemb_1.00_fe_0_tdep_3e+04.bin
finished: SURF_mJ_10_aemb_1.00_fe_0_tdep_1e+05.bin
finished: SURF_mJ_10_aemb_1.50_fe_1_tdep_1e+04.bin
finished: SURF_mJ_10_aemb_1.50_fe_1_tdep_3e+04.bin
finished: SURF_mJ_10_aemb_1.50_fe_1_tdep_1e+05.bin
finished: SURF_mJ_10_aemb_1.50_fe_0.5_tdep_1e+04.bin
finished: SURF_mJ_10_aemb_1.50_fe_0.5_tdep_3e+04.bin
finished: SURF_mJ_10_aemb_1.50_fe_0.5_tdep_1e+05.bin
finished: SURF_mJ_10_aemb_1.50_fe_0_tdep_1e+04.bin
finished: SURF_mJ_10_aemb_1.50_fe_0_tdep_3e+04.bin
finished: SURF_mJ_10_aemb_1.50_fe_0_tdep_1e+05.bin
finished: SURF_mJ_10_aemb_2.00_fe_1_tdep_1e+04.bin
finished: SURF_mJ_10_aemb_2.00_fe_1_tdep_3e+04.bin
finished: SURF_mJ_10_aemb_2.00_fe_1_tdep_1e+05.bin
finished: SURF_mJ_10_aemb_2.00_fe_0.5_tdep_1e+04.bin
finished: SURF_mJ_10_aemb_2.00_fe_0.5_tdep_3e+04.bin
finished: SURF_mJ_10_aemb_2.00_fe_0.5_tdep_1e+05.bin
finished: SURF_mJ_10_aemb_2.00_fe_0_tdep_1e+04.bin
finished: SURF_mJ_10_aemb_2.00_fe_0_tdep_3e+04.bin
finished: SURF_mJ_10_aemb_2.00_fe_0_tdep_1e+05.bin
finished: SURF_mJ_1_aemb_1.00_fe_1_tdep_1e+04.bin
finished: SURF_mJ_1_aemb_1.00_fe_1_tdep_3e+04.bin
finished: SURF_mJ_1_aemb_1.00_fe_1_tdep_1e+05.bin
finished: SURF_mJ_1_aemb_1.00_fe_0.5_tdep_1e+04.bin
finished: SURF_mJ_1_aemb_1.00_fe_0.5_tdep_3e+04.bin
finished: SURF_mJ_1_aemb_1.00_fe_0.5_tdep_1e+05.bin
finished: SURF_mJ_1_aemb_1.00_fe_0_tdep_1e+04.bin
finished: SURF_mJ_1_aemb_1.00_fe_0_tdep_3e+04.bin
finished: SURF_mJ_1_aemb_1.00_fe_0_tdep_1e+05.bin
finished: SURF_mJ_1_aemb_1.50_fe_1_tdep_1e+04.bin
finished: SURF_mJ_1_aemb_1.50_fe_1_tdep_3e+04.bin
finished: SURF_mJ_1_aemb_1.50_fe_1_tdep_1e+05.bin
finished: SURF_mJ_1_aemb_1.50_fe_0.5_tdep_1e+04.bin
finished: SURF_mJ_1_aemb_1.50_fe_0.5_tdep_3e+04.bin
finished: SURF_mJ_1_aemb_1.50_fe_0.5_tdep_1e+05.bin
finished: SURF_mJ_1_aemb_1.50_fe_0_tdep_1e+04.bin
finished: SURF_mJ_1_aemb_1.50_fe_0_tdep_3e+04.bin
finished: SURF_mJ_1_aemb_1.50_fe_0_tdep_1e+05.bin
finished: SURF_mJ_1_aemb_2.00_fe_1_tdep_1e+04.bin
finished: SURF_mJ_1_aemb_2.00_fe_1_tdep_3e+04.bin
finished: SURF_mJ_1_aemb_2.00_fe_1_tdep_1e+05.bin
finished: SURF_mJ_1_aemb_2.00_fe_0.5_tdep_1e+04.bin
finished: SURF_mJ_1_aemb_2.00_fe_0.5_tdep_3e+04.bin
finished: SURF_mJ_1_aemb_2.00_fe_0.5_tdep_1e+05.bin
finished: SURF_mJ_1_aemb_2.00_fe_0_tdep_1e+04.bin
finished: SURF_mJ_1_aemb_2.00_fe_0_tdep_3e+04.bin
finished: SURF_mJ_1_aemb_2.00_fe_0_tdep_1e+05.bin
finished: SURF_mJ_3_aemb_1.00_fe_1_tdep_1e+04.bin
finished: SURF_mJ_3_aemb_1.00_fe_1_tdep_3e+04.bin
finished: SURF_mJ_3_aemb_1.00_fe_1_tdep_1e+05.bin
finished: SURF_mJ_3_aemb_1.00_fe_0.5_tdep_1e+04.bin
finished: SURF_mJ_3_aemb_1.00_fe_0.5_tdep_3e+04.bin
finished: SURF_mJ_3_aemb_1.00_fe_0.5_tdep_1e+05.bin
finished: SURF_mJ_3_aemb_1.00_fe_0_tdep_1e+04.bin
finished: SURF_mJ_3_aemb_1.00_fe_0_tdep_3e+04.bin
finished: SURF_mJ_3_aemb_1.00_fe_0_tdep_1e+05.bin
finished: SURF_mJ_3_aemb_1.50_fe_1_tdep_1e+04.bin
finished: SURF_mJ_3_aemb_1.50_fe_1_tdep_3e+04.bin
finished: SURF_mJ_3_aemb_1.50_fe_1_tdep_1e+05.bin
finished: SURF_mJ_3_aemb_1.50_fe_0.5_tdep_1e+04.bin
finished: SURF_mJ_3_aemb_1.50_fe_0.5_tdep_3e+04.bin
finished: SURF_mJ_3_aemb_1.50_fe_0.5_tdep_1e+05.bin
finished: SURF_mJ_3_aemb_1.50_fe_0_tdep_1e+04.bin
finished: SURF_mJ_3_aemb_1.50_fe_0_tdep_3e+04.bin
finished: SURF_mJ_3_aemb_1.50_fe_0_tdep_1e+05.bin
finished: SURF_mJ_3_aemb_2.00_fe_1_tdep_1e+04.bin
finished: SURF_mJ_3_aemb_2.00_fe_1_tdep_3e+04.bin
finished: SURF_mJ_3_aemb_2.00_fe_1_tdep_1e+05.bin
finished: SURF_mJ_3_aemb_2.00_fe_0.5_tdep_1e+04.bin
finished: SURF_mJ_3_aemb_2.00_fe_0.5_tdep_3e+04.bin
finished: SURF_mJ_3_aemb_2.00_fe_0.5_tdep_1e+05.bin
finished: SURF_mJ_3_aemb_2.00_fe_0_tdep_1e+04.bin
finished: SURF_mJ_3_aemb_2.00_fe_0_tdep_3e+04.bin
finished: SURF_mJ_3_aemb_2.00_fe_0_tdep_1e+05.bin
finished: SURF_mJ_10_aemb_1.00_fe_1_tdep_1e+04.bin
finished: SURF_mJ_10_aemb_1.00_fe_1_tdep_3e+04.bin
finished: SURF_mJ_10_aemb_1.00_fe_1_tdep_1e+05.bin
finished: SURF_mJ_10_aemb_1.00_fe_0.5_tdep_1e+04.bin
finished: SURF_mJ_10_aemb_1.00_fe_0.5_tdep_3e+04.bin
finished: SURF_mJ_10_aemb_1.00_fe_0.5_tdep_1e+05.bin
finished: SURF_mJ_10_aemb_1.00_fe_0_tdep_1e+04.bin
finished: SURF_mJ_10_aemb_1.00_fe_0_tdep_3e+04.bin
finished: SURF_mJ_10_aemb_1.00_fe_0_tdep_1e+05.bin
finished: SURF_mJ_10_aemb_1.50_fe_1_tdep_1e+04.bin
finished: SURF_mJ_10_aemb_1.50_fe_1_tdep_3e+04.bin
finished: SURF_mJ_10_aemb_1.50_fe_1_tdep_1e+05.bin
finished: SURF_mJ_10_aemb_1.50_fe_0.5_tdep_1e+04.bin
finished: SURF_mJ_10_aemb_1.50_fe_0.5_tdep_3e+04.bin
finished: SURF_mJ_10_aemb_1.50_fe_0.5_tdep_1e+05.bin
finished: SURF_mJ_10_aemb_1.50_fe_0_tdep_1e+04.bin
finished: SURF_mJ_10_aemb_1.50_fe_0_tdep_3e+04.bin
finished: SURF_mJ_10_aemb_1.50_fe_0_tdep_1e+05.bin
finished: SURF_mJ_10_aemb_2.00_fe_1_tdep_1e+04.bin
finished: SURF_mJ_10_aemb_2.00_fe_1_tdep_3e+04.bin
finished: SURF_mJ_10_aemb_2.00_fe_1_tdep_1e+05.bin
finished: SURF_mJ_10_aemb_2.00_fe_0.5_tdep_1e+04.bin
finished: SURF_mJ_10_aemb_2.00_fe_0.5_tdep_3e+04.bin
finished: SURF_mJ_10_aemb_2.00_fe_0.5_tdep_1e+05.bin
finished: SURF_mJ_10_aemb_2.00_fe_0_tdep_1e+04.bin
finished: SURF_mJ_10_aemb_2.00_fe_0_tdep_3e+04.bin
finished: SURF_mJ_10_aemb_2.00_fe_0_tdep_1e+05.bin
