/home/xuanji/miniconda3/lib/python3.10/site-packages/rebound/simulation.py:153: RuntimeWarning: Binary file was saved with a different version of REBOUND. Binary format might have changed.
  warnings.warn(message, RuntimeWarning)
/home/xuanji/miniconda3/lib/python3.10/site-packages/rebound/simulation.py:153: RuntimeWarning: You have to reset function pointers after creating a reb_simulation struct with a binary file.
  warnings.warn(message, RuntimeWarning)
/home/xuanji/miniconda3/lib/python3.10/site-packages/rebound/simulation.py:153: RuntimeWarning: Binary file was saved with a different version of REBOUND. Binary format might have changed.
  warnings.warn(message, RuntimeWarning)
/home/xuanji/miniconda3/lib/python3.10/site-packages/rebound/simulation.py:153: RuntimeWarning: You have to reset function pointers after creating a reb_simulation struct with a binary file.
  warnings.warn(message, RuntimeWarning)
/home/xuanji/miniconda3/lib/python3.10/site-packages/rebound/simulation.py:259: RuntimeWarning: File in use for Simulationarchive already exists. Snapshots will be appended.
  warnings.warn(msg[1:], RuntimeWarning)
/home/xuanji/miniconda3/lib/python3.10/site-packages/rebound/simulation.py:153: RuntimeWarning: Binary file was saved with a different version of REBOUND. Binary format might have changed.
  warnings.warn(message, RuntimeWarning)
/home/xuanji/miniconda3/lib/python3.10/site-packages/rebound/simulation.py:153: RuntimeWarning: You have to reset function pointers after creating a reb_simulation struct with a binary file.
  warnings.warn(message, RuntimeWarning)
/home/xuanji/miniconda3/lib/python3.10/site-packages/rebound/simulation.py:259: RuntimeWarning: File in use for Simulationarchive already exists. Snapshots will be appended.
  warnings.warn(msg[1:], RuntimeWarning)
/home/xuanji/miniconda3/lib/python3.10/site-packages/rebound/simulation.py:153: RuntimeWarning: Binary file was saved with a different version of REBOUND. Binary format might have changed.
  warnings.warn(message, RuntimeWarning)
/home/xuanji/miniconda3/lib/python3.10/site-packages/rebound/simulation.py:153: RuntimeWarning: You have to reset function pointers after creating a reb_simulation struct with a binary file.
  warnings.warn(message, RuntimeWarning)
/home/xuanji/miniconda3/lib/python3.10/site-packages/rebound/simulation.py:259: RuntimeWarning: File in use for Simulationarchive already exists. Snapshots will be appended.
  warnings.warn(msg[1:], RuntimeWarning)
/home/xuanji/miniconda3/lib/python3.10/site-packages/rebound/simulation.py:153: RuntimeWarning: Binary file was saved with a different version of REBOUND. Binary format might have changed.
  warnings.warn(message, RuntimeWarning)
/home/xuanji/miniconda3/lib/python3.10/site-packages/rebound/simulation.py:153: RuntimeWarning: You have to reset function pointers after creating a reb_simulation struct with a binary file.
  warnings.warn(message, RuntimeWarning)
/home/xuanji/miniconda3/lib/python3.10/site-packages/rebound/simulation.py:259: RuntimeWarning: File in use for Simulationarchive already exists. Snapshots will be appended.
  warnings.warn(msg[1:], RuntimeWarning)
/home/xuanji/miniconda3/lib/python3.10/site-packages/rebound/simulation.py:153: RuntimeWarning: Binary file was saved with a different version of REBOUND. Binary format might have changed.
  warnings.warn(message, RuntimeWarning)
/home/xuanji/miniconda3/lib/python3.10/site-packages/rebound/simulation.py:153: RuntimeWarning: You have to reset function pointers after creating a reb_simulation struct with a binary file.
  warnings.warn(message, RuntimeWarning)
/home/xuanji/miniconda3/lib/python3.10/site-packages/rebound/simulation.py:259: RuntimeWarning: File in use for Simulationarchive already exists. Snapshots will be appended.
  warnings.warn(msg[1:], RuntimeWarning)
/home/xuanji/miniconda3/lib/python3.10/site-packages/rebound/simulation.py:153: RuntimeWarning: Binary file was saved with a different version of REBOUND. Binary format might have changed.
  warnings.warn(message, RuntimeWarning)
/home/xuanji/miniconda3/lib/python3.10/site-packages/rebound/simulation.py:153: RuntimeWarning: You have to reset function pointers after creating a reb_simulation struct with a binary file.
  warnings.warn(message, RuntimeWarning)
/home/xuanji/miniconda3/lib/python3.10/site-packages/rebound/simulation.py:259: RuntimeWarning: File in use for Simulationarchive already exists. Snapshots will be appended.
  warnings.warn(msg[1:], RuntimeWarning)
/home/xuanji/miniconda3/lib/python3.10/site-packages/rebound/simulation.py:153: RuntimeWarning: Binary file was saved with a different version of REBOUND. Binary format might have changed.
  warnings.warn(message, RuntimeWarning)
/home/xuanji/miniconda3/lib/python3.10/site-packages/rebound/simulation.py:153: RuntimeWarning: Binary file was saved with a different version of REBOUND. Binary format might have changed.
  warnings.warn(message, RuntimeWarning)
/home/xuanji/miniconda3/lib/python3.10/site-packages/rebound/simulation.py:153: RuntimeWarning: You have to reset function pointers after creating a reb_simulation struct with a binary file.
  warnings.warn(message, RuntimeWarning)
/home/xuanji/miniconda3/lib/python3.10/site-packages/rebound/simulation.py:153: RuntimeWarning: You have to reset function pointers after creating a reb_simulation struct with a binary file.
  warnings.warn(message, RuntimeWarning)
/home/xuanji/miniconda3/lib/python3.10/site-packages/rebound/simulation.py:153: RuntimeWarning: Binary file was saved with a different version of REBOUND. Binary format might have changed.
  warnings.warn(message, RuntimeWarning)
/home/xuanji/miniconda3/lib/python3.10/site-packages/rebound/simulation.py:153: RuntimeWarning: You have to reset function pointers after creating a reb_simulation struct with a binary file.
  warnings.warn(message, RuntimeWarning)
/home/xuanji/miniconda3/lib/python3.10/site-packages/rebound/simulation.py:259: RuntimeWarning: File in use for Simulationarchive already exists. Snapshots will be appended.
  warnings.warn(msg[1:], RuntimeWarning)
/home/xuanji/miniconda3/lib/python3.10/site-packages/rebound/simulation.py:259: RuntimeWarning: File in use for Simulationarchive already exists. Snapshots will be appended.
  warnings.warn(msg[1:], RuntimeWarning)
/home/xuanji/miniconda3/lib/python3.10/site-packages/rebound/simulation.py:259: RuntimeWarning: File in use for Simulationarchive already exists. Snapshots will be appended.
  warnings.warn(msg[1:], RuntimeWarning)
/home/xuanji/miniconda3/lib/python3.10/site-packages/rebound/simulation.py:153: RuntimeWarning: Binary file was saved with a different version of REBOUND. Binary format might have changed.
  warnings.warn(message, RuntimeWarning)
/home/xuanji/miniconda3/lib/python3.10/site-packages/rebound/simulation.py:153: RuntimeWarning: You have to reset function pointers after creating a reb_simulation struct with a binary file.
  warnings.warn(message, RuntimeWarning)
/home/xuanji/miniconda3/lib/python3.10/site-packages/rebound/simulation.py:153: RuntimeWarning: Binary file was saved with a different version of REBOUND. Binary format might have changed.
  warnings.warn(message, RuntimeWarning)
/home/xuanji/miniconda3/lib/python3.10/site-packages/rebound/simulation.py:153: RuntimeWarning: You have to reset function pointers after creating a reb_simulation struct with a binary file.
  warnings.warn(message, RuntimeWarning)
/home/xuanji/miniconda3/lib/python3.10/site-packages/rebound/simulation.py:259: RuntimeWarning: File in use for Simulationarchive already exists. Snapshots will be appended.
  warnings.warn(msg[1:], RuntimeWarning)
/home/xuanji/miniconda3/lib/python3.10/site-packages/rebound/simulation.py:259: RuntimeWarning: File in use for Simulationarchive already exists. Snapshots will be appended.
  warnings.warn(msg[1:], RuntimeWarning)
/home/xuanji/miniconda3/lib/python3.10/site-packages/rebound/simulation.py:153: RuntimeWarning: Binary file was saved with a different version of REBOUND. Binary format might have changed.
  warnings.warn(message, RuntimeWarning)
/home/xuanji/miniconda3/lib/python3.10/site-packages/rebound/simulation.py:153: RuntimeWarning: You have to reset function pointers after creating a reb_simulation struct with a binary file.
  warnings.warn(message, RuntimeWarning)
/home/xuanji/miniconda3/lib/python3.10/site-packages/rebound/simulation.py:259: RuntimeWarning: File in use for Simulationarchive already exists. Snapshots will be appended.
  warnings.warn(msg[1:], RuntimeWarning)
/home/xuanji/miniconda3/lib/python3.10/site-packages/rebound/simulation.py:153: RuntimeWarning: Binary file was saved with a different version of REBOUND. Binary format might have changed.
  warnings.warn(message, RuntimeWarning)
/home/xuanji/miniconda3/lib/python3.10/site-packages/rebound/simulation.py:153: RuntimeWarning: You have to reset function pointers after creating a reb_simulation struct with a binary file.
  warnings.warn(message, RuntimeWarning)
/home/xuanji/miniconda3/lib/python3.10/site-packages/rebound/simulation.py:259: RuntimeWarning: File in use for Simulationarchive already exists. Snapshots will be appended.
  warnings.warn(msg[1:], RuntimeWarning)
/home/xuanji/miniconda3/lib/python3.10/site-packages/rebound/simulation.py:153: RuntimeWarning: Binary file was saved with a different version of REBOUND. Binary format might have changed.
  warnings.warn(message, RuntimeWarning)
/home/xuanji/miniconda3/lib/python3.10/site-packages/rebound/simulation.py:153: RuntimeWarning: You have to reset function pointers after creating a reb_simulation struct with a binary file.
  warnings.warn(message, RuntimeWarning)
/home/xuanji/miniconda3/lib/python3.10/site-packages/rebound/simulation.py:259: RuntimeWarning: File in use for Simulationarchive already exists. Snapshots will be appended.
  warnings.warn(msg[1:], RuntimeWarning)
/home/xuanji/miniconda3/lib/python3.10/site-packages/rebound/simulation.py:153: RuntimeWarning: Binary file was saved with a different version of REBOUND. Binary format might have changed.
  warnings.warn(message, RuntimeWarning)
/home/xuanji/miniconda3/lib/python3.10/site-packages/rebound/simulation.py:153: RuntimeWarning: You have to reset function pointers after creating a reb_simulation struct with a binary file.
  warnings.warn(message, RuntimeWarning)
/home/xuanji/miniconda3/lib/python3.10/site-packages/rebound/simulation.py:259: RuntimeWarning: File in use for Simulationarchive already exists. Snapshots will be appended.
  warnings.warn(msg[1:], RuntimeWarning)
/home/xuanji/miniconda3/lib/python3.10/site-packages/rebound/simulation.py:153: RuntimeWarning: Binary file was saved with a different version of REBOUND. Binary format might have changed.
  warnings.warn(message, RuntimeWarning)
/home/xuanji/miniconda3/lib/python3.10/site-packages/rebound/simulation.py:153: RuntimeWarning: You have to reset function pointers after creating a reb_simulation struct with a binary file.
  warnings.warn(message, RuntimeWarning)
/home/xuanji/miniconda3/lib/python3.10/site-packages/rebound/simulation.py:259: RuntimeWarning: File in use for Simulationarchive already exists. Snapshots will be appended.
  warnings.warn(msg[1:], RuntimeWarning)
/home/xuanji/miniconda3/lib/python3.10/site-packages/rebound/simulation.py:153: RuntimeWarning: Binary file was saved with a different version of REBOUND. Binary format might have changed.
  warnings.warn(message, RuntimeWarning)
/home/xuanji/miniconda3/lib/python3.10/site-packages/rebound/simulation.py:153: RuntimeWarning: You have to reset function pointers after creating a reb_simulation struct with a binary file.
  warnings.warn(message, RuntimeWarning)
/home/xuanji/miniconda3/lib/python3.10/site-packages/rebound/simulation.py:259: RuntimeWarning: File in use for Simulationarchive already exists. Snapshots will be appended.
  warnings.warn(msg[1:], RuntimeWarning)
/home/xuanji/miniconda3/lib/python3.10/site-packages/rebound/simulation.py:153: RuntimeWarning: Binary file was saved with a different version of REBOUND. Binary format might have changed.
  warnings.warn(message, RuntimeWarning)
/home/xuanji/miniconda3/lib/python3.10/site-packages/rebound/simulation.py:153: RuntimeWarning: You have to reset function pointers after creating a reb_simulation struct with a binary file.
  warnings.warn(message, RuntimeWarning)
/home/xuanji/miniconda3/lib/python3.10/site-packages/rebound/simulation.py:259: RuntimeWarning: File in use for Simulationarchive already exists. Snapshots will be appended.
  warnings.warn(msg[1:], RuntimeWarning)
/home/xuanji/miniconda3/lib/python3.10/site-packages/rebound/simulation.py:153: RuntimeWarning: Binary file was saved with a different version of REBOUND. Binary format might have changed.
  warnings.warn(message, RuntimeWarning)
/home/xuanji/miniconda3/lib/python3.10/site-packages/rebound/simulation.py:153: RuntimeWarning: You have to reset function pointers after creating a reb_simulation struct with a binary file.
  warnings.warn(message, RuntimeWarning)
/home/xuanji/miniconda3/lib/python3.10/site-packages/rebound/simulation.py:259: RuntimeWarning: File in use for Simulationarchive already exists. Snapshots will be appended.
  warnings.warn(msg[1:], RuntimeWarning)
slurmstepd-midway2-0003: error: *** JOB 48850368 ON midway2-0003 CANCELLED AT 2026-08-25T00:49:29 ***
