/home/xuanji/miniconda3/lib/python3.10/site-packages/rebound/simulation.py:153: RuntimeWarning: You have to reset function pointers after creating a reb_simulation struct with a binary file.
  warnings.warn(message, RuntimeWarning)
/home/xuanji/miniconda3/lib/python3.10/site-packages/rebound/simulation.py:259: RuntimeWarning: File in use for Simulationarchive already exists. Snapshots will be appended.
  warnings.warn(msg[1:], RuntimeWarning)
/home/xuanji/miniconda3/lib/python3.10/site-packages/rebound/simulation.py:259: RuntimeWarning: File in use for Simulationarchive already exists. Snapshots will be appended.
  warnings.warn(msg[1:], RuntimeWarning)
/home/xuanji/miniconda3/lib/python3.10/site-packages/rebound/simulation.py:259: RuntimeWarning: File in use for Simulationarchive already exists. Snapshots will be appended.
  warnings.warn(msg[1:], RuntimeWarning)
/home/xuanji/miniconda3/lib/python3.10/site-packages/rebound/simulation.py:259: RuntimeWarning: File in use for Simulationarchive already exists. Snapshots will be appended.
  warnings.warn(msg[1:], RuntimeWarning)
/home/xuanji/miniconda3/lib/python3.10/site-packages/rebound/simulation.py:259: RuntimeWarning: File in use for Simulationarchive already exists. Snapshots will be appended.
  warnings.warn(msg[1:], RuntimeWarning)
/home/xuanji/miniconda3/lib/python3.10/site-packages/rebound/simulation.py:259: RuntimeWarning: File in use for Simulationarchive already exists. Snapshots will be appended.
  warnings.warn(msg[1:], RuntimeWarning)
/home/xuanji/miniconda3/lib/python3.10/site-packages/rebound/simulation.py:259: RuntimeWarning: File in use for Simulationarchive already exists. Snapshots will be appended.
  warnings.warn(msg[1:], RuntimeWarning)
/home/xuanji/miniconda3/lib/python3.10/site-packages/rebound/simulation.py:259: RuntimeWarning: File in use for Simulationarchive already exists. Snapshots will be appended.
  warnings.warn(msg[1:], RuntimeWarning)
/home/xuanji/miniconda3/lib/python3.10/site-packages/rebound/simulation.py:259: RuntimeWarning: File in use for Simulationarchive already exists. Snapshots will be appended.
  warnings.warn(msg[1:], RuntimeWarning)
/home/xuanji/miniconda3/lib/python3.10/site-packages/rebound/simulation.py:259: RuntimeWarning: File in use for Simulationarchive already exists. Snapshots will be appended.
  warnings.warn(msg[1:], RuntimeWarning)
/home/xuanji/miniconda3/lib/python3.10/site-packages/rebound/simulation.py:259: RuntimeWarning: File in use for Simulationarchive already exists. Snapshots will be appended.
  warnings.warn(msg[1:], RuntimeWarning)
/home/xuanji/miniconda3/lib/python3.10/site-packages/rebound/simulation.py:259: RuntimeWarning: File in use for Simulationarchive already exists. Snapshots will be appended.
  warnings.warn(msg[1:], RuntimeWarning)
/home/xuanji/miniconda3/lib/python3.10/site-packages/rebound/simulation.py:259: RuntimeWarning: File in use for Simulationarchive already exists. Snapshots will be appended.
  warnings.warn(msg[1:], RuntimeWarning)
/home/xuanji/miniconda3/lib/python3.10/site-packages/rebound/simulation.py:259: RuntimeWarning: File in use for Simulationarchive already exists. Snapshots will be appended.
  warnings.warn(msg[1:], RuntimeWarning)
/home/xuanji/miniconda3/lib/python3.10/site-packages/rebound/simulation.py:259: RuntimeWarning: File in use for Simulationarchive already exists. Snapshots will be appended.
  warnings.warn(msg[1:], RuntimeWarning)
/home/xuanji/miniconda3/lib/python3.10/site-packages/rebound/simulation.py:259: RuntimeWarning: File in use for Simulationarchive already exists. Snapshots will be appended.
  warnings.warn(msg[1:], RuntimeWarning)
/home/xuanji/miniconda3/lib/python3.10/site-packages/rebound/simulation.py:259: RuntimeWarning: File in use for Simulationarchive already exists. Snapshots will be appended.
  warnings.warn(msg[1:], RuntimeWarning)
/home/xuanji/miniconda3/lib/python3.10/site-packages/rebound/simulation.py:259: RuntimeWarning: File in use for Simulationarchive already exists. Snapshots will be appended.
  warnings.warn(msg[1:], RuntimeWarning)
/home/xuanji/miniconda3/lib/python3.10/site-packages/rebound/simulation.py:259: RuntimeWarning: File in use for Simulationarchive already exists. Snapshots will be appended.
  warnings.warn(msg[1:], RuntimeWarning)
/home/xuanji/miniconda3/lib/python3.10/site-packages/rebound/simulation.py:259: RuntimeWarning: File in use for Simulationarchive already exists. Snapshots will be appended.
  warnings.warn(msg[1:], RuntimeWarning)
/home/xuanji/miniconda3/lib/python3.10/site-packages/rebound/simulation.py:259: RuntimeWarning: File in use for Simulationarchive already exists. Snapshots will be appended.
  warnings.warn(msg[1:], RuntimeWarning)
/home/xuanji/miniconda3/lib/python3.10/site-packages/rebound/simulation.py:259: RuntimeWarning: File in use for Simulationarchive already exists. Snapshots will be appended.
  warnings.warn(msg[1:], RuntimeWarning)
/home/xuanji/miniconda3/lib/python3.10/site-packages/rebound/simulation.py:259: RuntimeWarning: File in use for Simulationarchive already exists. Snapshots will be appended.
  warnings.warn(msg[1:], RuntimeWarning)
/home/xuanji/miniconda3/lib/python3.10/site-packages/rebound/simulation.py:259: RuntimeWarning: File in use for Simulationarchive already exists. Snapshots will be appended.
  warnings.warn(msg[1:], RuntimeWarning)
/home/xuanji/miniconda3/lib/python3.10/site-packages/rebound/simulation.py:259: RuntimeWarning: File in use for Simulationarchive already exists. Snapshots will be appended.
  warnings.warn(msg[1:], RuntimeWarning)
/home/xuanji/miniconda3/lib/python3.10/site-packages/rebound/simulation.py:259: RuntimeWarning: File in use for Simulationarchive already exists. Snapshots will be appended.
  warnings.warn(msg[1:], RuntimeWarning)
/home/xuanji/miniconda3/lib/python3.10/site-packages/rebound/simulation.py:259: RuntimeWarning: File in use for Simulationarchive already exists. Snapshots will be appended.
  warnings.warn(msg[1:], RuntimeWarning)
/home/xuanji/miniconda3/lib/python3.10/site-packages/rebound/simulation.py:259: RuntimeWarning: File in use for Simulationarchive already exists. Snapshots will be appended.
  warnings.warn(msg[1:], RuntimeWarning)
/home/xuanji/miniconda3/lib/python3.10/site-packages/rebound/simulation.py:259: RuntimeWarning: File in use for Simulationarchive already exists. Snapshots will be appended.
  warnings.warn(msg[1:], RuntimeWarning)
/home/xuanji/miniconda3/lib/python3.10/site-packages/rebound/simulation.py:259: RuntimeWarning: File in use for Simulationarchive already exists. Snapshots will be appended.
  warnings.warn(msg[1:], RuntimeWarning)
/home/xuanji/miniconda3/lib/python3.10/site-packages/rebound/simulation.py:259: RuntimeWarning: File in use for Simulationarchive already exists. Snapshots will be appended.
  warnings.warn(msg[1:], RuntimeWarning)
/home/xuanji/miniconda3/lib/python3.10/site-packages/rebound/simulation.py:259: RuntimeWarning: File in use for Simulationarchive already exists. Snapshots will be appended.
  warnings.warn(msg[1:], RuntimeWarning)
/home/xuanji/miniconda3/lib/python3.10/site-packages/rebound/simulation.py:259: RuntimeWarning: File in use for Simulationarchive already exists. Snapshots will be appended.
  warnings.warn(msg[1:], RuntimeWarning)
/home/xuanji/miniconda3/lib/python3.10/site-packages/rebound/simulation.py:259: RuntimeWarning: File in use for Simulationarchive already exists. Snapshots will be appended.
  warnings.warn(msg[1:], RuntimeWarning)
/home/xuanji/miniconda3/lib/python3.10/site-packages/rebound/simulation.py:259: RuntimeWarning: File in use for Simulationarchive already exists. Snapshots will be appended.
  warnings.warn(msg[1:], RuntimeWarning)
/home/xuanji/miniconda3/lib/python3.10/site-packages/rebound/simulation.py:259: RuntimeWarning: File in use for Simulationarchive already exists. Snapshots will be appended.
  warnings.warn(msg[1:], RuntimeWarning)
/home/xuanji/miniconda3/lib/python3.10/site-packages/rebound/simulation.py:259: RuntimeWarning: File in use for Simulationarchive already exists. Snapshots will be appended.
  warnings.warn(msg[1:], RuntimeWarning)
/home/xuanji/miniconda3/lib/python3.10/site-packages/rebound/simulation.py:259: RuntimeWarning: File in use for Simulationarchive already exists. Snapshots will be appended.
  warnings.warn(msg[1:], RuntimeWarning)
/home/xuanji/miniconda3/lib/python3.10/site-packages/rebound/simulation.py:259: RuntimeWarning: File in use for Simulationarchive already exists. Snapshots will be appended.
  warnings.warn(msg[1:], RuntimeWarning)
/home/xuanji/miniconda3/lib/python3.10/site-packages/rebound/simulation.py:259: RuntimeWarning: File in use for Simulationarchive already exists. Snapshots will be appended.
  warnings.warn(msg[1:], RuntimeWarning)
/home/xuanji/miniconda3/lib/python3.10/site-packages/rebound/simulation.py:259: RuntimeWarning: File in use for Simulationarchive already exists. Snapshots will be appended.
  warnings.warn(msg[1:], RuntimeWarning)
/home/xuanji/miniconda3/lib/python3.10/site-packages/rebound/simulation.py:259: RuntimeWarning: File in use for Simulationarchive already exists. Snapshots will be appended.
  warnings.warn(msg[1:], RuntimeWarning)
/home/xuanji/miniconda3/lib/python3.10/site-packages/rebound/simulation.py:259: RuntimeWarning: File in use for Simulationarchive already exists. Snapshots will be appended.
  warnings.warn(msg[1:], RuntimeWarning)
/home/xuanji/miniconda3/lib/python3.10/site-packages/rebound/simulation.py:259: RuntimeWarning: File in use for Simulationarchive already exists. Snapshots will be appended.
  warnings.warn(msg[1:], RuntimeWarning)
/home/xuanji/miniconda3/lib/python3.10/site-packages/rebound/simulation.py:259: RuntimeWarning: File in use for Simulationarchive already exists. Snapshots will be appended.
  warnings.warn(msg[1:], RuntimeWarning)
/home/xuanji/miniconda3/lib/python3.10/site-packages/rebound/simulation.py:259: RuntimeWarning: File in use for Simulationarchive already exists. Snapshots will be appended.
  warnings.warn(msg[1:], RuntimeWarning)
/home/xuanji/miniconda3/lib/python3.10/site-packages/rebound/simulation.py:259: RuntimeWarning: File in use for Simulationarchive already exists. Snapshots will be appended.
  warnings.warn(msg[1:], RuntimeWarning)
/home/xuanji/miniconda3/lib/python3.10/site-packages/rebound/simulation.py:259: RuntimeWarning: File in use for Simulationarchive already exists. Snapshots will be appended.
  warnings.warn(msg[1:], RuntimeWarning)
/home/xuanji/miniconda3/lib/python3.10/site-packages/rebound/simulation.py:259: RuntimeWarning: File in use for Simulationarchive already exists. Snapshots will be appended.
  warnings.warn(msg[1:], RuntimeWarning)
/home/xuanji/miniconda3/lib/python3.10/site-packages/rebound/simulation.py:259: RuntimeWarning: File in use for Simulationarchive already exists. Snapshots will be appended.
  warnings.warn(msg[1:], RuntimeWarning)
/home/xuanji/miniconda3/lib/python3.10/site-packages/rebound/simulation.py:259: RuntimeWarning: File in use for Simulationarchive already exists. Snapshots will be appended.
  warnings.warn(msg[1:], RuntimeWarning)
/home/xuanji/miniconda3/lib/python3.10/site-packages/rebound/simulation.py:259: RuntimeWarning: File in use for Simulationarchive already exists. Snapshots will be appended.
  warnings.warn(msg[1:], RuntimeWarning)
/home/xuanji/miniconda3/lib/python3.10/site-packages/rebound/simulation.py:259: RuntimeWarning: File in use for Simulationarchive already exists. Snapshots will be appended.
  warnings.warn(msg[1:], RuntimeWarning)
/home/xuanji/miniconda3/lib/python3.10/site-packages/rebound/simulation.py:259: RuntimeWarning: File in use for Simulationarchive already exists. Snapshots will be appended.
  warnings.warn(msg[1:], RuntimeWarning)
/home/xuanji/miniconda3/lib/python3.10/site-packages/rebound/simulation.py:259: RuntimeWarning: WHFast convergence issue. Timestep is larger than at least one orbital period.
  warnings.warn(msg[1:], RuntimeWarning)
slurmstepd-midway2-0225: error: *** JOB 48852133 ON midway2-0225 CANCELLED AT 2026-08-27T14:39:43 DUE TO TIME LIMIT ***
