/home/xuanji/miniconda3/lib/python3.10/site-packages/rebound/simulation.py:153: RuntimeWarning: You have to reset function pointers after creating a reb_simulation struct with a binary file.
  warnings.warn(message, RuntimeWarning)
/home/xuanji/miniconda3/lib/python3.10/site-packages/rebound/simulation.py:259: RuntimeWarning: File in use for Simulationarchive already exists. Snapshots will be appended.
  warnings.warn(msg[1:], RuntimeWarning)
/home/xuanji/miniconda3/lib/python3.10/site-packages/rebound/simulation.py:259: RuntimeWarning: File in use for Simulationarchive already exists. Snapshots will be appended.
  warnings.warn(msg[1:], RuntimeWarning)
/home/xuanji/miniconda3/lib/python3.10/site-packages/rebound/simulation.py:259: RuntimeWarning: File in use for Simulationarchive already exists. Snapshots will be appended.
  warnings.warn(msg[1:], RuntimeWarning)
/home/xuanji/miniconda3/lib/python3.10/site-packages/rebound/simulation.py:259: RuntimeWarning: File in use for Simulationarchive already exists. Snapshots will be appended.
  warnings.warn(msg[1:], RuntimeWarning)
/home/xuanji/miniconda3/lib/python3.10/site-packages/rebound/simulation.py:259: RuntimeWarning: File in use for Simulationarchive already exists. Snapshots will be appended.
  warnings.warn(msg[1:], RuntimeWarning)
/home/xuanji/miniconda3/lib/python3.10/site-packages/rebound/simulation.py:259: RuntimeWarning: File in use for Simulationarchive already exists. Snapshots will be appended.
  warnings.warn(msg[1:], RuntimeWarning)
/home/xuanji/miniconda3/lib/python3.10/site-packages/rebound/simulation.py:259: RuntimeWarning: File in use for Simulationarchive already exists. Snapshots will be appended.
  warnings.warn(msg[1:], RuntimeWarning)
/home/xuanji/miniconda3/lib/python3.10/site-packages/rebound/simulation.py:259: RuntimeWarning: File in use for Simulationarchive already exists. Snapshots will be appended.
  warnings.warn(msg[1:], RuntimeWarning)
/home/xuanji/miniconda3/lib/python3.10/site-packages/rebound/simulation.py:259: RuntimeWarning: File in use for Simulationarchive already exists. Snapshots will be appended.
  warnings.warn(msg[1:], RuntimeWarning)
/home/xuanji/miniconda3/lib/python3.10/site-packages/rebound/simulation.py:259: RuntimeWarning: File in use for Simulationarchive already exists. Snapshots will be appended.
  warnings.warn(msg[1:], RuntimeWarning)
/home/xuanji/miniconda3/lib/python3.10/site-packages/rebound/simulation.py:259: RuntimeWarning: File in use for Simulationarchive already exists. Snapshots will be appended.
  warnings.warn(msg[1:], RuntimeWarning)
/home/xuanji/miniconda3/lib/python3.10/site-packages/rebound/simulation.py:259: RuntimeWarning: File in use for Simulationarchive already exists. Snapshots will be appended.
  warnings.warn(msg[1:], RuntimeWarning)
/home/xuanji/miniconda3/lib/python3.10/site-packages/rebound/simulation.py:259: RuntimeWarning: File in use for Simulationarchive already exists. Snapshots will be appended.
  warnings.warn(msg[1:], RuntimeWarning)
/home/xuanji/miniconda3/lib/python3.10/site-packages/rebound/simulation.py:259: RuntimeWarning: File in use for Simulationarchive already exists. Snapshots will be appended.
  warnings.warn(msg[1:], RuntimeWarning)
/home/xuanji/miniconda3/lib/python3.10/site-packages/rebound/simulation.py:259: RuntimeWarning: File in use for Simulationarchive already exists. Snapshots will be appended.
  warnings.warn(msg[1:], RuntimeWarning)
/home/xuanji/miniconda3/lib/python3.10/site-packages/rebound/simulation.py:259: RuntimeWarning: File in use for Simulationarchive already exists. Snapshots will be appended.
  warnings.warn(msg[1:], RuntimeWarning)
/home/xuanji/miniconda3/lib/python3.10/site-packages/rebound/simulation.py:259: RuntimeWarning: File in use for Simulationarchive already exists. Snapshots will be appended.
  warnings.warn(msg[1:], RuntimeWarning)
/home/xuanji/miniconda3/lib/python3.10/site-packages/rebound/simulation.py:259: RuntimeWarning: File in use for Simulationarchive already exists. Snapshots will be appended.
  warnings.warn(msg[1:], RuntimeWarning)
/home/xuanji/miniconda3/lib/python3.10/site-packages/rebound/simulation.py:259: RuntimeWarning: File in use for Simulationarchive already exists. Snapshots will be appended.
  warnings.warn(msg[1:], RuntimeWarning)
/home/xuanji/miniconda3/lib/python3.10/site-packages/rebound/simulation.py:259: RuntimeWarning: File in use for Simulationarchive already exists. Snapshots will be appended.
  warnings.warn(msg[1:], RuntimeWarning)
/home/xuanji/miniconda3/lib/python3.10/site-packages/rebound/simulation.py:259: RuntimeWarning: File in use for Simulationarchive already exists. Snapshots will be appended.
  warnings.warn(msg[1:], RuntimeWarning)
/home/xuanji/miniconda3/lib/python3.10/site-packages/rebound/simulation.py:259: RuntimeWarning: File in use for Simulationarchive already exists. Snapshots will be appended.
  warnings.warn(msg[1:], RuntimeWarning)
/home/xuanji/miniconda3/lib/python3.10/site-packages/rebound/simulation.py:259: RuntimeWarning: File in use for Simulationarchive already exists. Snapshots will be appended.
  warnings.warn(msg[1:], RuntimeWarning)
/home/xuanji/miniconda3/lib/python3.10/site-packages/rebound/simulation.py:259: RuntimeWarning: File in use for Simulationarchive already exists. Snapshots will be appended.
  warnings.warn(msg[1:], RuntimeWarning)
/home/xuanji/miniconda3/lib/python3.10/site-packages/rebound/simulation.py:259: RuntimeWarning: File in use for Simulationarchive already exists. Snapshots will be appended.
  warnings.warn(msg[1:], RuntimeWarning)
/home/xuanji/miniconda3/lib/python3.10/site-packages/rebound/simulation.py:259: RuntimeWarning: File in use for Simulationarchive already exists. Snapshots will be appended.
  warnings.warn(msg[1:], RuntimeWarning)
/home/xuanji/miniconda3/lib/python3.10/site-packages/rebound/simulation.py:259: RuntimeWarning: File in use for Simulationarchive already exists. Snapshots will be appended.
  warnings.warn(msg[1:], RuntimeWarning)
/home/xuanji/miniconda3/lib/python3.10/site-packages/rebound/simulation.py:259: RuntimeWarning: File in use for Simulationarchive already exists. Snapshots will be appended.
  warnings.warn(msg[1:], RuntimeWarning)
/home/xuanji/miniconda3/lib/python3.10/site-packages/rebound/simulation.py:259: RuntimeWarning: File in use for Simulationarchive already exists. Snapshots will be appended.
  warnings.warn(msg[1:], RuntimeWarning)
/home/xuanji/miniconda3/lib/python3.10/site-packages/rebound/simulation.py:259: RuntimeWarning: File in use for Simulationarchive already exists. Snapshots will be appended.
  warnings.warn(msg[1:], RuntimeWarning)
/home/xuanji/miniconda3/lib/python3.10/site-packages/rebound/simulation.py:259: RuntimeWarning: File in use for Simulationarchive already exists. Snapshots will be appended.
  warnings.warn(msg[1:], RuntimeWarning)
/home/xuanji/miniconda3/lib/python3.10/site-packages/rebound/simulation.py:259: RuntimeWarning: File in use for Simulationarchive already exists. Snapshots will be appended.
  warnings.warn(msg[1:], RuntimeWarning)
/home/xuanji/miniconda3/lib/python3.10/site-packages/rebound/simulation.py:259: RuntimeWarning: File in use for Simulationarchive already exists. Snapshots will be appended.
  warnings.warn(msg[1:], RuntimeWarning)
/home/xuanji/miniconda3/lib/python3.10/site-packages/rebound/simulation.py:259: RuntimeWarning: File in use for Simulationarchive already exists. Snapshots will be appended.
  warnings.warn(msg[1:], RuntimeWarning)
/home/xuanji/miniconda3/lib/python3.10/site-packages/rebound/simulation.py:259: RuntimeWarning: File in use for Simulationarchive already exists. Snapshots will be appended.
  warnings.warn(msg[1:], RuntimeWarning)
/home/xuanji/miniconda3/lib/python3.10/site-packages/rebound/simulation.py:259: RuntimeWarning: File in use for Simulationarchive already exists. Snapshots will be appended.
  warnings.warn(msg[1:], RuntimeWarning)
/home/xuanji/miniconda3/lib/python3.10/site-packages/rebound/simulation.py:259: RuntimeWarning: File in use for Simulationarchive already exists. Snapshots will be appended.
  warnings.warn(msg[1:], RuntimeWarning)
/home/xuanji/miniconda3/lib/python3.10/site-packages/rebound/simulation.py:259: RuntimeWarning: File in use for Simulationarchive already exists. Snapshots will be appended.
  warnings.warn(msg[1:], RuntimeWarning)
/home/xuanji/miniconda3/lib/python3.10/site-packages/rebound/simulation.py:259: RuntimeWarning: File in use for Simulationarchive already exists. Snapshots will be appended.
  warnings.warn(msg[1:], RuntimeWarning)
/home/xuanji/miniconda3/lib/python3.10/site-packages/rebound/simulation.py:259: RuntimeWarning: File in use for Simulationarchive already exists. Snapshots will be appended.
  warnings.warn(msg[1:], RuntimeWarning)
/home/xuanji/miniconda3/lib/python3.10/site-packages/rebound/simulation.py:259: RuntimeWarning: File in use for Simulationarchive already exists. Snapshots will be appended.
  warnings.warn(msg[1:], RuntimeWarning)
/home/xuanji/miniconda3/lib/python3.10/site-packages/rebound/simulation.py:259: RuntimeWarning: File in use for Simulationarchive already exists. Snapshots will be appended.
  warnings.warn(msg[1:], RuntimeWarning)
/home/xuanji/miniconda3/lib/python3.10/site-packages/rebound/simulation.py:259: RuntimeWarning: File in use for Simulationarchive already exists. Snapshots will be appended.
  warnings.warn(msg[1:], RuntimeWarning)
/home/xuanji/miniconda3/lib/python3.10/site-packages/rebound/simulation.py:259: RuntimeWarning: File in use for Simulationarchive already exists. Snapshots will be appended.
  warnings.warn(msg[1:], RuntimeWarning)
/home/xuanji/miniconda3/lib/python3.10/site-packages/rebound/simulation.py:259: RuntimeWarning: File in use for Simulationarchive already exists. Snapshots will be appended.
  warnings.warn(msg[1:], RuntimeWarning)
/home/xuanji/miniconda3/lib/python3.10/site-packages/rebound/simulation.py:259: RuntimeWarning: File in use for Simulationarchive already exists. Snapshots will be appended.
  warnings.warn(msg[1:], RuntimeWarning)
/home/xuanji/miniconda3/lib/python3.10/site-packages/rebound/simulation.py:259: RuntimeWarning: File in use for Simulationarchive already exists. Snapshots will be appended.
  warnings.warn(msg[1:], RuntimeWarning)
/home/xuanji/miniconda3/lib/python3.10/site-packages/rebound/simulation.py:259: RuntimeWarning: File in use for Simulationarchive already exists. Snapshots will be appended.
  warnings.warn(msg[1:], RuntimeWarning)
/home/xuanji/miniconda3/lib/python3.10/site-packages/rebound/simulation.py:259: RuntimeWarning: File in use for Simulationarchive already exists. Snapshots will be appended.
  warnings.warn(msg[1:], RuntimeWarning)
/home/xuanji/miniconda3/lib/python3.10/site-packages/rebound/simulation.py:259: RuntimeWarning: File in use for Simulationarchive already exists. Snapshots will be appended.
  warnings.warn(msg[1:], RuntimeWarning)
/home/xuanji/miniconda3/lib/python3.10/site-packages/rebound/simulation.py:259: RuntimeWarning: File in use for Simulationarchive already exists. Snapshots will be appended.
  warnings.warn(msg[1:], RuntimeWarning)
/home/xuanji/miniconda3/lib/python3.10/site-packages/rebound/simulation.py:259: RuntimeWarning: File in use for Simulationarchive already exists. Snapshots will be appended.
  warnings.warn(msg[1:], RuntimeWarning)
/home/xuanji/miniconda3/lib/python3.10/site-packages/rebound/simulation.py:259: RuntimeWarning: File in use for Simulationarchive already exists. Snapshots will be appended.
  warnings.warn(msg[1:], RuntimeWarning)
/home/xuanji/miniconda3/lib/python3.10/site-packages/rebound/simulation.py:259: RuntimeWarning: At least 10 predictor corrector loops in IAS15 did not converge. This is typically an indication of the timestep being too large.
  warnings.warn(msg[1:], RuntimeWarning)
slurmstepd-midway2-0079: error: *** JOB 48980741 ON midway2-0079 CANCELLED AT 2026-09-08T18:43:32 DUE TO TIME LIMIT ***
