shard 3: continuation already queued for job 49009399 (requeue) -- skipping
shard 3: running 27/54 surfing-search runs with 27 workers
  nogap/SURF_mJ_1_aemb_2.00_nemb_4_memb_1_kmut_6_fe_0.5_ej_0.1_tdep_3e+06.bin  t_int=3.6e+07
  nogap/SURF_mJ_10_aemb_1.00_nemb_4_memb_1_kmut_6_fe_1_ej_0.1_tdep_1e+06.bin  t_int=1.2e+07
  nogap/SURF_mJ_10_aemb_1.00_nemb_4_memb_1_kmut_6_fe_1_ej_0.1_tdep_3e+06.bin  t_int=3.6e+07
  nogap/SURF_mJ_10_aemb_1.00_nemb_4_memb_1_kmut_6_fe_0_ej_0.1_tdep_1e+06.bin  t_int=1.2e+07
  nogap/SURF_mJ_10_aemb_1.00_nemb_4_memb_1_kmut_6_fe_0_ej_0.1_tdep_3e+06.bin  t_int=3.6e+07
  nogap/SURF_mJ_10_aemb_1.50_nemb_4_memb_1_kmut_6_fe_0.5_ej_0.1_tdep_1e+06.bin  t_int=1.2e+07
  nogap/SURF_mJ_10_aemb_1.50_nemb_4_memb_1_kmut_6_fe_0.5_ej_0.1_tdep_3e+06.bin  t_int=3.6e+07
  nogap/SURF_mJ_10_aemb_2.00_nemb_4_memb_1_kmut_6_fe_1_ej_0.1_tdep_3e+06.bin  t_int=3.6e+07
  nogap/SURF_mJ_10_aemb_2.00_nemb_4_memb_1_kmut_6_fe_0_ej_0.1_tdep_3e+06.bin  t_int=3.6e+07
  gap/SURF_mJ_1_aemb_1.00_nemb_4_memb_1_kmut_6_fe_0.5_ej_0.1_tdep_1e+06.bin  t_int=1.2e+07
  gap/SURF_mJ_1_aemb_1.00_nemb_4_memb_1_kmut_6_fe_0.5_ej_0.1_tdep_3e+06.bin  t_int=3.6e+07
  gap/SURF_mJ_1_aemb_1.50_nemb_4_memb_1_kmut_6_fe_1_ej_0.1_tdep_1e+06.bin  t_int=1.2e+07
  gap/SURF_mJ_1_aemb_1.50_nemb_4_memb_1_kmut_6_fe_1_ej_0.1_tdep_3e+06.bin  t_int=3.6e+07
  gap/SURF_mJ_1_aemb_1.50_nemb_4_memb_1_kmut_6_fe_0_ej_0.1_tdep_1e+06.bin  t_int=1.2e+07
  gap/SURF_mJ_1_aemb_1.50_nemb_4_memb_1_kmut_6_fe_0_ej_0.1_tdep_3e+06.bin  t_int=3.6e+07
  gap/SURF_mJ_1_aemb_2.00_nemb_4_memb_1_kmut_6_fe_0.5_ej_0.1_tdep_1e+06.bin  t_int=1.2e+07
  gap/SURF_mJ_1_aemb_2.00_nemb_4_memb_1_kmut_6_fe_0.5_ej_0.1_tdep_3e+06.bin  t_int=3.6e+07
  gap/SURF_mJ_10_aemb_1.00_nemb_4_memb_1_kmut_6_fe_1_ej_0.1_tdep_3e+05.bin  t_int=3.6e+06
  gap/SURF_mJ_10_aemb_1.00_nemb_4_memb_1_kmut_6_fe_1_ej_0.1_tdep_1e+06.bin  t_int=1.2e+07
  gap/SURF_mJ_10_aemb_1.00_nemb_4_memb_1_kmut_6_fe_1_ej_0.1_tdep_3e+06.bin  t_int=3.6e+07
  gap/SURF_mJ_10_aemb_1.00_nemb_4_memb_1_kmut_6_fe_0_ej_0.1_tdep_1e+06.bin  t_int=1.2e+07
  gap/SURF_mJ_10_aemb_1.00_nemb_4_memb_1_kmut_6_fe_0_ej_0.1_tdep_3e+06.bin  t_int=3.6e+07
  gap/SURF_mJ_10_aemb_1.50_nemb_4_memb_1_kmut_6_fe_0.5_ej_0.1_tdep_1e+06.bin  t_int=1.2e+07
  gap/SURF_mJ_10_aemb_1.50_nemb_4_memb_1_kmut_6_fe_0.5_ej_0.1_tdep_3e+06.bin  t_int=3.6e+07
  gap/SURF_mJ_10_aemb_2.00_nemb_4_memb_1_kmut_6_fe_1_ej_0.1_tdep_1e+06.bin  t_int=1.2e+07
  gap/SURF_mJ_10_aemb_2.00_nemb_4_memb_1_kmut_6_fe_1_ej_0.1_tdep_3e+06.bin  t_int=3.6e+07
  gap/SURF_mJ_10_aemb_2.00_nemb_4_memb_1_kmut_6_fe_0_ej_0.1_tdep_3e+06.bin  t_int=3.6e+07
