/home/xuanji/miniconda3/lib/python3.10/site-packages/rebound/simulation.py:153: RuntimeWarning: Binary file was saved with a different version of REBOUND. Binary format might have changed.
  warnings.warn(message, RuntimeWarning)
/home/xuanji/miniconda3/lib/python3.10/site-packages/rebound/simulation.py:153: RuntimeWarning: You have to reset function pointers after creating a reb_simulation struct with a binary file.
  warnings.warn(message, RuntimeWarning)
/home/xuanji/miniconda3/lib/python3.10/site-packages/rebound/simulation.py:153: RuntimeWarning: Binary file was saved with a different version of REBOUND. Binary format might have changed.
  warnings.warn(message, RuntimeWarning)
/home/xuanji/miniconda3/lib/python3.10/site-packages/rebound/simulation.py:153: RuntimeWarning: You have to reset function pointers after creating a reb_simulation struct with a binary file.
  warnings.warn(message, RuntimeWarning)
/home/xuanji/miniconda3/lib/python3.10/site-packages/rebound/simulation.py:259: RuntimeWarning: File in use for Simulationarchive already exists. Snapshots will be appended.
  warnings.warn(msg[1:], RuntimeWarning)
/home/xuanji/miniconda3/lib/python3.10/site-packages/rebound/simulation.py:153: RuntimeWarning: Binary file was saved with a different version of REBOUND. Binary format might have changed.
  warnings.warn(message, RuntimeWarning)
/home/xuanji/miniconda3/lib/python3.10/site-packages/rebound/simulation.py:153: RuntimeWarning: You have to reset function pointers after creating a reb_simulation struct with a binary file.
  warnings.warn(message, RuntimeWarning)
/home/xuanji/miniconda3/lib/python3.10/site-packages/rebound/simulation.py:153: RuntimeWarning: Binary file was saved with a different version of REBOUND. Binary format might have changed.
  warnings.warn(message, RuntimeWarning)
/home/xuanji/miniconda3/lib/python3.10/site-packages/rebound/simulation.py:153: RuntimeWarning: You have to reset function pointers after creating a reb_simulation struct with a binary file.
  warnings.warn(message, RuntimeWarning)
/home/xuanji/miniconda3/lib/python3.10/site-packages/rebound/simulation.py:153: RuntimeWarning: Binary file was saved with a different version of REBOUND. Binary format might have changed.
  warnings.warn(message, RuntimeWarning)
/home/xuanji/miniconda3/lib/python3.10/site-packages/rebound/simulation.py:153: RuntimeWarning: You have to reset function pointers after creating a reb_simulation struct with a binary file.
  warnings.warn(message, RuntimeWarning)
/home/xuanji/miniconda3/lib/python3.10/site-packages/rebound/simulation.py:153: RuntimeWarning: Binary file was saved with a different version of REBOUND. Binary format might have changed.
  warnings.warn(message, RuntimeWarning)
/home/xuanji/miniconda3/lib/python3.10/site-packages/rebound/simulation.py:153: RuntimeWarning: You have to reset function pointers after creating a reb_simulation struct with a binary file.
  warnings.warn(message, RuntimeWarning)
/home/xuanji/miniconda3/lib/python3.10/site-packages/rebound/simulation.py:259: RuntimeWarning: File in use for Simulationarchive already exists. Snapshots will be appended.
  warnings.warn(msg[1:], RuntimeWarning)
/home/xuanji/miniconda3/lib/python3.10/site-packages/rebound/simulation.py:153: RuntimeWarning: Binary file was saved with a different version of REBOUND. Binary format might have changed.
  warnings.warn(message, RuntimeWarning)
/home/xuanji/miniconda3/lib/python3.10/site-packages/rebound/simulation.py:153: RuntimeWarning: You have to reset function pointers after creating a reb_simulation struct with a binary file.
  warnings.warn(message, RuntimeWarning)
/home/xuanji/miniconda3/lib/python3.10/site-packages/rebound/simulation.py:259: RuntimeWarning: File in use for Simulationarchive already exists. Snapshots will be appended.
  warnings.warn(msg[1:], RuntimeWarning)
/home/xuanji/miniconda3/lib/python3.10/site-packages/rebound/simulation.py:153: RuntimeWarning: Binary file was saved with a different version of REBOUND. Binary format might have changed.
  warnings.warn(message, RuntimeWarning)
/home/xuanji/miniconda3/lib/python3.10/site-packages/rebound/simulation.py:259: RuntimeWarning: File in use for Simulationarchive already exists. Snapshots will be appended.
  warnings.warn(msg[1:], RuntimeWarning)
/home/xuanji/miniconda3/lib/python3.10/site-packages/rebound/simulation.py:153: RuntimeWarning: You have to reset function pointers after creating a reb_simulation struct with a binary file.
  warnings.warn(message, RuntimeWarning)
/home/xuanji/miniconda3/lib/python3.10/site-packages/rebound/simulation.py:153: RuntimeWarning: Binary file was saved with a different version of REBOUND. Binary format might have changed.
  warnings.warn(message, RuntimeWarning)
/home/xuanji/miniconda3/lib/python3.10/site-packages/rebound/simulation.py:153: RuntimeWarning: You have to reset function pointers after creating a reb_simulation struct with a binary file.
  warnings.warn(message, RuntimeWarning)
/home/xuanji/miniconda3/lib/python3.10/site-packages/rebound/simulation.py:259: RuntimeWarning: File in use for Simulationarchive already exists. Snapshots will be appended.
  warnings.warn(msg[1:], RuntimeWarning)
/home/xuanji/miniconda3/lib/python3.10/site-packages/rebound/simulation.py:259: RuntimeWarning: File in use for Simulationarchive already exists. Snapshots will be appended.
  warnings.warn(msg[1:], RuntimeWarning)
/home/xuanji/miniconda3/lib/python3.10/site-packages/rebound/simulation.py:153: RuntimeWarning: Binary file was saved with a different version of REBOUND. Binary format might have changed.
  warnings.warn(message, RuntimeWarning)
/home/xuanji/miniconda3/lib/python3.10/site-packages/rebound/simulation.py:153: RuntimeWarning: You have to reset function pointers after creating a reb_simulation struct with a binary file.
  warnings.warn(message, RuntimeWarning)
/home/xuanji/miniconda3/lib/python3.10/site-packages/rebound/simulation.py:153: RuntimeWarning: Binary file was saved with a different version of REBOUND. Binary format might have changed.
  warnings.warn(message, RuntimeWarning)
/home/xuanji/miniconda3/lib/python3.10/site-packages/rebound/simulation.py:153: RuntimeWarning: You have to reset function pointers after creating a reb_simulation struct with a binary file.
  warnings.warn(message, RuntimeWarning)
/home/xuanji/miniconda3/lib/python3.10/site-packages/rebound/simulation.py:259: RuntimeWarning: File in use for Simulationarchive already exists. Snapshots will be appended.
  warnings.warn(msg[1:], RuntimeWarning)
/home/xuanji/miniconda3/lib/python3.10/site-packages/rebound/simulation.py:259: RuntimeWarning: File in use for Simulationarchive already exists. Snapshots will be appended.
  warnings.warn(msg[1:], RuntimeWarning)
/home/xuanji/miniconda3/lib/python3.10/site-packages/rebound/simulation.py:259: RuntimeWarning: File in use for Simulationarchive already exists. Snapshots will be appended.
  warnings.warn(msg[1:], RuntimeWarning)
/home/xuanji/miniconda3/lib/python3.10/site-packages/rebound/simulation.py:153: RuntimeWarning: Binary file was saved with a different version of REBOUND. Binary format might have changed.
  warnings.warn(message, RuntimeWarning)
/home/xuanji/miniconda3/lib/python3.10/site-packages/rebound/simulation.py:153: RuntimeWarning: You have to reset function pointers after creating a reb_simulation struct with a binary file.
  warnings.warn(message, RuntimeWarning)
/home/xuanji/miniconda3/lib/python3.10/site-packages/rebound/simulation.py:259: RuntimeWarning: File in use for Simulationarchive already exists. Snapshots will be appended.
  warnings.warn(msg[1:], RuntimeWarning)
/home/xuanji/miniconda3/lib/python3.10/site-packages/rebound/simulation.py:153: RuntimeWarning: Binary file was saved with a different version of REBOUND. Binary format might have changed.
  warnings.warn(message, RuntimeWarning)
/home/xuanji/miniconda3/lib/python3.10/site-packages/rebound/simulation.py:153: RuntimeWarning: You have to reset function pointers after creating a reb_simulation struct with a binary file.
  warnings.warn(message, RuntimeWarning)
/home/xuanji/miniconda3/lib/python3.10/site-packages/rebound/simulation.py:153: RuntimeWarning: Binary file was saved with a different version of REBOUND. Binary format might have changed.
  warnings.warn(message, RuntimeWarning)
/home/xuanji/miniconda3/lib/python3.10/site-packages/rebound/simulation.py:153: RuntimeWarning: You have to reset function pointers after creating a reb_simulation struct with a binary file.
  warnings.warn(message, RuntimeWarning)
/home/xuanji/miniconda3/lib/python3.10/site-packages/rebound/simulation.py:259: RuntimeWarning: File in use for Simulationarchive already exists. Snapshots will be appended.
  warnings.warn(msg[1:], RuntimeWarning)
/home/xuanji/miniconda3/lib/python3.10/site-packages/rebound/simulation.py:259: RuntimeWarning: File in use for Simulationarchive already exists. Snapshots will be appended.
  warnings.warn(msg[1:], RuntimeWarning)
/home/xuanji/miniconda3/lib/python3.10/site-packages/rebound/simulation.py:153: RuntimeWarning: Binary file was saved with a different version of REBOUND. Binary format might have changed.
  warnings.warn(message, RuntimeWarning)
/home/xuanji/miniconda3/lib/python3.10/site-packages/rebound/simulation.py:153: RuntimeWarning: You have to reset function pointers after creating a reb_simulation struct with a binary file.
  warnings.warn(message, RuntimeWarning)
/home/xuanji/miniconda3/lib/python3.10/site-packages/rebound/simulation.py:259: RuntimeWarning: File in use for Simulationarchive already exists. Snapshots will be appended.
  warnings.warn(msg[1:], RuntimeWarning)
/home/xuanji/miniconda3/lib/python3.10/site-packages/rebound/simulation.py:153: RuntimeWarning: Binary file was saved with a different version of REBOUND. Binary format might have changed.
  warnings.warn(message, RuntimeWarning)
/home/xuanji/miniconda3/lib/python3.10/site-packages/rebound/simulation.py:153: RuntimeWarning: You have to reset function pointers after creating a reb_simulation struct with a binary file.
  warnings.warn(message, RuntimeWarning)
/home/xuanji/miniconda3/lib/python3.10/site-packages/rebound/simulation.py:259: RuntimeWarning: File in use for Simulationarchive already exists. Snapshots will be appended.
  warnings.warn(msg[1:], RuntimeWarning)
/home/xuanji/miniconda3/lib/python3.10/site-packages/rebound/simulation.py:153: RuntimeWarning: Binary file was saved with a different version of REBOUND. Binary format might have changed.
  warnings.warn(message, RuntimeWarning)
/home/xuanji/miniconda3/lib/python3.10/site-packages/rebound/simulation.py:153: RuntimeWarning: Binary file was saved with a different version of REBOUND. Binary format might have changed.
  warnings.warn(message, RuntimeWarning)
/home/xuanji/miniconda3/lib/python3.10/site-packages/rebound/simulation.py:153: RuntimeWarning: You have to reset function pointers after creating a reb_simulation struct with a binary file.
  warnings.warn(message, RuntimeWarning)
/home/xuanji/miniconda3/lib/python3.10/site-packages/rebound/simulation.py:153: RuntimeWarning: You have to reset function pointers after creating a reb_simulation struct with a binary file.
  warnings.warn(message, RuntimeWarning)
/home/xuanji/miniconda3/lib/python3.10/site-packages/rebound/simulation.py:259: RuntimeWarning: File in use for Simulationarchive already exists. Snapshots will be appended.
  warnings.warn(msg[1:], RuntimeWarning)
/home/xuanji/miniconda3/lib/python3.10/site-packages/rebound/simulation.py:259: RuntimeWarning: File in use for Simulationarchive already exists. Snapshots will be appended.
  warnings.warn(msg[1:], RuntimeWarning)
/home/xuanji/miniconda3/lib/python3.10/site-packages/rebound/simulation.py:259: RuntimeWarning: File in use for Simulationarchive already exists. Snapshots will be appended.
  warnings.warn(msg[1:], RuntimeWarning)
/home/xuanji/miniconda3/lib/python3.10/site-packages/rebound/simulation.py:153: RuntimeWarning: Binary file was saved with a different version of REBOUND. Binary format might have changed.
  warnings.warn(message, RuntimeWarning)
/home/xuanji/miniconda3/lib/python3.10/site-packages/rebound/simulation.py:153: RuntimeWarning: You have to reset function pointers after creating a reb_simulation struct with a binary file.
  warnings.warn(message, RuntimeWarning)
/home/xuanji/miniconda3/lib/python3.10/site-packages/rebound/simulation.py:153: RuntimeWarning: Binary file was saved with a different version of REBOUND. Binary format might have changed.
  warnings.warn(message, RuntimeWarning)
/home/xuanji/miniconda3/lib/python3.10/site-packages/rebound/simulation.py:153: RuntimeWarning: You have to reset function pointers after creating a reb_simulation struct with a binary file.
  warnings.warn(message, RuntimeWarning)
/home/xuanji/miniconda3/lib/python3.10/site-packages/rebound/simulation.py:259: RuntimeWarning: File in use for Simulationarchive already exists. Snapshots will be appended.
  warnings.warn(msg[1:], RuntimeWarning)
/home/xuanji/miniconda3/lib/python3.10/site-packages/rebound/simulation.py:259: RuntimeWarning: File in use for Simulationarchive already exists. Snapshots will be appended.
  warnings.warn(msg[1:], RuntimeWarning)
/home/xuanji/miniconda3/lib/python3.10/site-packages/rebound/simulation.py:153: RuntimeWarning: Binary file was saved with a different version of REBOUND. Binary format might have changed.
  warnings.warn(message, RuntimeWarning)
/home/xuanji/miniconda3/lib/python3.10/site-packages/rebound/simulation.py:153: RuntimeWarning: You have to reset function pointers after creating a reb_simulation struct with a binary file.
  warnings.warn(message, RuntimeWarning)
/home/xuanji/miniconda3/lib/python3.10/site-packages/rebound/simulation.py:259: RuntimeWarning: File in use for Simulationarchive already exists. Snapshots will be appended.
  warnings.warn(msg[1:], RuntimeWarning)
/home/xuanji/miniconda3/lib/python3.10/site-packages/rebound/simulation.py:153: RuntimeWarning: Binary file was saved with a different version of REBOUND. Binary format might have changed.
  warnings.warn(message, RuntimeWarning)
/home/xuanji/miniconda3/lib/python3.10/site-packages/rebound/simulation.py:153: RuntimeWarning: Binary file was saved with a different version of REBOUND. Binary format might have changed.
  warnings.warn(message, RuntimeWarning)
/home/xuanji/miniconda3/lib/python3.10/site-packages/rebound/simulation.py:153: RuntimeWarning: You have to reset function pointers after creating a reb_simulation struct with a binary file.
  warnings.warn(message, RuntimeWarning)
/home/xuanji/miniconda3/lib/python3.10/site-packages/rebound/simulation.py:153: RuntimeWarning: You have to reset function pointers after creating a reb_simulation struct with a binary file.
  warnings.warn(message, RuntimeWarning)
/home/xuanji/miniconda3/lib/python3.10/site-packages/rebound/simulation.py:259: RuntimeWarning: File in use for Simulationarchive already exists. Snapshots will be appended.
  warnings.warn(msg[1:], RuntimeWarning)
/home/xuanji/miniconda3/lib/python3.10/site-packages/rebound/simulation.py:259: RuntimeWarning: File in use for Simulationarchive already exists. Snapshots will be appended.
  warnings.warn(msg[1:], RuntimeWarning)
/home/xuanji/miniconda3/lib/python3.10/site-packages/rebound/simulation.py:153: RuntimeWarning: Binary file was saved with a different version of REBOUND. Binary format might have changed.
  warnings.warn(message, RuntimeWarning)
/home/xuanji/miniconda3/lib/python3.10/site-packages/rebound/simulation.py:153: RuntimeWarning: You have to reset function pointers after creating a reb_simulation struct with a binary file.
  warnings.warn(message, RuntimeWarning)
/home/xuanji/miniconda3/lib/python3.10/site-packages/rebound/simulation.py:259: RuntimeWarning: File in use for Simulationarchive already exists. Snapshots will be appended.
  warnings.warn(msg[1:], RuntimeWarning)
/home/xuanji/miniconda3/lib/python3.10/site-packages/rebound/simulation.py:153: RuntimeWarning: Binary file was saved with a different version of REBOUND. Binary format might have changed.
  warnings.warn(message, RuntimeWarning)
/home/xuanji/miniconda3/lib/python3.10/site-packages/rebound/simulation.py:153: RuntimeWarning: You have to reset function pointers after creating a reb_simulation struct with a binary file.
  warnings.warn(message, RuntimeWarning)
/home/xuanji/miniconda3/lib/python3.10/site-packages/rebound/simulation.py:259: RuntimeWarning: File in use for Simulationarchive already exists. Snapshots will be appended.
  warnings.warn(msg[1:], RuntimeWarning)
/home/xuanji/miniconda3/lib/python3.10/site-packages/rebound/simulation.py:153: RuntimeWarning: Binary file was saved with a different version of REBOUND. Binary format might have changed.
  warnings.warn(message, RuntimeWarning)
/home/xuanji/miniconda3/lib/python3.10/site-packages/rebound/simulation.py:153: RuntimeWarning: You have to reset function pointers after creating a reb_simulation struct with a binary file.
  warnings.warn(message, RuntimeWarning)
/home/xuanji/miniconda3/lib/python3.10/site-packages/rebound/simulation.py:259: RuntimeWarning: File in use for Simulationarchive already exists. Snapshots will be appended.
  warnings.warn(msg[1:], RuntimeWarning)
/home/xuanji/miniconda3/lib/python3.10/site-packages/rebound/simulation.py:153: RuntimeWarning: Binary file was saved with a different version of REBOUND. Binary format might have changed.
  warnings.warn(message, RuntimeWarning)
/home/xuanji/miniconda3/lib/python3.10/site-packages/rebound/simulation.py:153: RuntimeWarning: You have to reset function pointers after creating a reb_simulation struct with a binary file.
  warnings.warn(message, RuntimeWarning)
/home/xuanji/miniconda3/lib/python3.10/site-packages/rebound/simulation.py:259: RuntimeWarning: File in use for Simulationarchive already exists. Snapshots will be appended.
  warnings.warn(msg[1:], RuntimeWarning)
/home/xuanji/miniconda3/lib/python3.10/site-packages/rebound/simulation.py:153: RuntimeWarning: Binary file was saved with a different version of REBOUND. Binary format might have changed.
  warnings.warn(message, RuntimeWarning)
/home/xuanji/miniconda3/lib/python3.10/site-packages/rebound/simulation.py:153: RuntimeWarning: You have to reset function pointers after creating a reb_simulation struct with a binary file.
  warnings.warn(message, RuntimeWarning)
/home/xuanji/miniconda3/lib/python3.10/site-packages/rebound/simulation.py:259: RuntimeWarning: File in use for Simulationarchive already exists. Snapshots will be appended.
  warnings.warn(msg[1:], RuntimeWarning)
/home/xuanji/miniconda3/lib/python3.10/site-packages/rebound/simulation.py:153: RuntimeWarning: Binary file was saved with a different version of REBOUND. Binary format might have changed.
  warnings.warn(message, RuntimeWarning)
/home/xuanji/miniconda3/lib/python3.10/site-packages/rebound/simulation.py:153: RuntimeWarning: You have to reset function pointers after creating a reb_simulation struct with a binary file.
  warnings.warn(message, RuntimeWarning)
/home/xuanji/miniconda3/lib/python3.10/site-packages/rebound/simulation.py:259: RuntimeWarning: File in use for Simulationarchive already exists. Snapshots will be appended.
  warnings.warn(msg[1:], RuntimeWarning)
/home/xuanji/miniconda3/lib/python3.10/site-packages/rebound/simulation.py:153: RuntimeWarning: Binary file was saved with a different version of REBOUND. Binary format might have changed.
  warnings.warn(message, RuntimeWarning)
/home/xuanji/miniconda3/lib/python3.10/site-packages/rebound/simulation.py:153: RuntimeWarning: You have to reset function pointers after creating a reb_simulation struct with a binary file.
  warnings.warn(message, RuntimeWarning)
/home/xuanji/miniconda3/lib/python3.10/site-packages/rebound/simulation.py:259: RuntimeWarning: File in use for Simulationarchive already exists. Snapshots will be appended.
  warnings.warn(msg[1:], RuntimeWarning)
/home/xuanji/miniconda3/lib/python3.10/site-packages/rebound/simulation.py:153: RuntimeWarning: Binary file was saved with a different version of REBOUND. Binary format might have changed.
  warnings.warn(message, RuntimeWarning)
/home/xuanji/miniconda3/lib/python3.10/site-packages/rebound/simulation.py:153: RuntimeWarning: You have to reset function pointers after creating a reb_simulation struct with a binary file.
  warnings.warn(message, RuntimeWarning)
/home/xuanji/miniconda3/lib/python3.10/site-packages/rebound/simulation.py:259: RuntimeWarning: File in use for Simulationarchive already exists. Snapshots will be appended.
  warnings.warn(msg[1:], RuntimeWarning)
/home/xuanji/miniconda3/lib/python3.10/site-packages/rebound/simulation.py:153: RuntimeWarning: Binary file was saved with a different version of REBOUND. Binary format might have changed.
  warnings.warn(message, RuntimeWarning)
/home/xuanji/miniconda3/lib/python3.10/site-packages/rebound/simulation.py:153: RuntimeWarning: You have to reset function pointers after creating a reb_simulation struct with a binary file.
  warnings.warn(message, RuntimeWarning)
/home/xuanji/miniconda3/lib/python3.10/site-packages/rebound/simulation.py:259: RuntimeWarning: File in use for Simulationarchive already exists. Snapshots will be appended.
  warnings.warn(msg[1:], RuntimeWarning)
/home/xuanji/miniconda3/lib/python3.10/site-packages/rebound/simulation.py:153: RuntimeWarning: Binary file was saved with a different version of REBOUND. Binary format might have changed.
  warnings.warn(message, RuntimeWarning)
/home/xuanji/miniconda3/lib/python3.10/site-packages/rebound/simulation.py:153: RuntimeWarning: You have to reset function pointers after creating a reb_simulation struct with a binary file.
  warnings.warn(message, RuntimeWarning)
/home/xuanji/miniconda3/lib/python3.10/site-packages/rebound/simulation.py:259: RuntimeWarning: File in use for Simulationarchive already exists. Snapshots will be appended.
  warnings.warn(msg[1:], RuntimeWarning)
/home/xuanji/miniconda3/lib/python3.10/site-packages/rebound/simulation.py:153: RuntimeWarning: Binary file was saved with a different version of REBOUND. Binary format might have changed.
  warnings.warn(message, RuntimeWarning)
/home/xuanji/miniconda3/lib/python3.10/site-packages/rebound/simulation.py:153: RuntimeWarning: You have to reset function pointers after creating a reb_simulation struct with a binary file.
  warnings.warn(message, RuntimeWarning)
/home/xuanji/miniconda3/lib/python3.10/site-packages/rebound/simulation.py:259: RuntimeWarning: File in use for Simulationarchive already exists. Snapshots will be appended.
  warnings.warn(msg[1:], RuntimeWarning)
/home/xuanji/miniconda3/lib/python3.10/site-packages/rebound/simulation.py:259: RuntimeWarning: Simulationarchive appears to be corrupted. REBOUND will attempt to fix it before appending more snapshots.

  warnings.warn(msg[1:], RuntimeWarning)
/home/xuanji/miniconda3/lib/python3.10/site-packages/rebound/simulation.py:259: RuntimeWarning: Simulationarchive appears to be corrupted. REBOUND will attempt to fix it before appending more snapshots.

  warnings.warn(msg[1:], RuntimeWarning)
/home/xuanji/miniconda3/lib/python3.10/site-packages/rebound/simulation.py:259: RuntimeWarning: Simulationarchive appears to be corrupted. REBOUND will attempt to fix it before appending more snapshots.

  warnings.warn(msg[1:], RuntimeWarning)
/home/xuanji/miniconda3/lib/python3.10/site-packages/rebound/simulation.py:259: RuntimeWarning: Simulationarchive appears to be corrupted. REBOUND will attempt to fix it before appending more snapshots.

  warnings.warn(msg[1:], RuntimeWarning)
/home/xuanji/miniconda3/lib/python3.10/site-packages/rebound/simulation.py:259: RuntimeWarning: Simulationarchive appears to be corrupted. REBOUND will attempt to fix it before appending more snapshots.

  warnings.warn(msg[1:], RuntimeWarning)
/home/xuanji/miniconda3/lib/python3.10/site-packages/rebound/simulation.py:259: RuntimeWarning: Simulationarchive appears to be corrupted. REBOUND will attempt to fix it before appending more snapshots.

  warnings.warn(msg[1:], RuntimeWarning)
/home/xuanji/miniconda3/lib/python3.10/site-packages/rebound/simulation.py:259: RuntimeWarning: Simulationarchive appears to be corrupted. REBOUND will attempt to fix it before appending more snapshots.

  warnings.warn(msg[1:], RuntimeWarning)
/home/xuanji/miniconda3/lib/python3.10/site-packages/rebound/simulation.py:259: RuntimeWarning: Simulationarchive appears to be corrupted. REBOUND will attempt to fix it before appending more snapshots.

  warnings.warn(msg[1:], RuntimeWarning)
/home/xuanji/miniconda3/lib/python3.10/site-packages/rebound/simulation.py:259: RuntimeWarning: Simulationarchive appears to be corrupted. REBOUND will attempt to fix it before appending more snapshots.

  warnings.warn(msg[1:], RuntimeWarning)
/home/xuanji/miniconda3/lib/python3.10/site-packages/rebound/simulation.py:259: RuntimeWarning: WHFast convergence issue. Timestep is larger than at least one orbital period.
  warnings.warn(msg[1:], RuntimeWarning)
slurmstepd-midway2-0342: error: *** JOB 48850371 ON midway2-0342 CANCELLED AT 2026-08-25T00:49:21 ***
