queued continuation job (chain 1): Submitted batch job 48850327
running 196/216 surfing-search runs with 196 workers
  nogap/SURF_mJ_1_aemb_1.00_fe_1_tdep_1e+05.bin  t_int=1.2e+06
  nogap/SURF_mJ_1_aemb_1.00_fe_1_tdep_3e+05.bin  t_int=3.6e+06
  nogap/SURF_mJ_1_aemb_1.00_fe_1_tdep_1e+06.bin  t_int=1.2e+07
  nogap/SURF_mJ_1_aemb_1.00_fe_1_tdep_3e+06.bin  t_int=3.6e+07
  nogap/SURF_mJ_1_aemb_1.00_fe_0.5_tdep_1e+05.bin  t_int=1.2e+06
  nogap/SURF_mJ_1_aemb_1.00_fe_0.5_tdep_3e+05.bin  t_int=3.6e+06
  nogap/SURF_mJ_1_aemb_1.00_fe_0.5_tdep_1e+06.bin  t_int=1.2e+07
  nogap/SURF_mJ_1_aemb_1.00_fe_0.5_tdep_3e+06.bin  t_int=3.6e+07
  nogap/SURF_mJ_1_aemb_1.00_fe_0_tdep_3e+05.bin  t_int=3.6e+06
  nogap/SURF_mJ_1_aemb_1.00_fe_0_tdep_1e+06.bin  t_int=1.2e+07
  nogap/SURF_mJ_1_aemb_1.00_fe_0_tdep_3e+06.bin  t_int=3.6e+07
  nogap/SURF_mJ_1_aemb_1.50_fe_1_tdep_3e+05.bin  t_int=3.6e+06
  nogap/SURF_mJ_1_aemb_1.50_fe_1_tdep_1e+06.bin  t_int=1.2e+07
  nogap/SURF_mJ_1_aemb_1.50_fe_1_tdep_3e+06.bin  t_int=3.6e+07
  nogap/SURF_mJ_1_aemb_1.50_fe_0.5_tdep_3e+05.bin  t_int=3.6e+06
  nogap/SURF_mJ_1_aemb_1.50_fe_0.5_tdep_1e+06.bin  t_int=1.2e+07
  nogap/SURF_mJ_1_aemb_1.50_fe_0.5_tdep_3e+06.bin  t_int=3.6e+07
  nogap/SURF_mJ_1_aemb_1.50_fe_0_tdep_3e+05.bin  t_int=3.6e+06
  nogap/SURF_mJ_1_aemb_1.50_fe_0_tdep_1e+06.bin  t_int=1.2e+07
  nogap/SURF_mJ_1_aemb_1.50_fe_0_tdep_3e+06.bin  t_int=3.6e+07
  nogap/SURF_mJ_1_aemb_2.00_fe_1_tdep_1e+05.bin  t_int=1.2e+06
  nogap/SURF_mJ_1_aemb_2.00_fe_1_tdep_3e+05.bin  t_int=3.6e+06
  nogap/SURF_mJ_1_aemb_2.00_fe_1_tdep_1e+06.bin  t_int=1.2e+07
  nogap/SURF_mJ_1_aemb_2.00_fe_1_tdep_3e+06.bin  t_int=3.6e+07
  nogap/SURF_mJ_1_aemb_2.00_fe_0.5_tdep_3e+05.bin  t_int=3.6e+06
  nogap/SURF_mJ_1_aemb_2.00_fe_0.5_tdep_1e+06.bin  t_int=1.2e+07
  nogap/SURF_mJ_1_aemb_2.00_fe_0.5_tdep_3e+06.bin  t_int=3.6e+07
  nogap/SURF_mJ_1_aemb_2.00_fe_0_tdep_1e+06.bin  t_int=1.2e+07
  nogap/SURF_mJ_1_aemb_2.00_fe_0_tdep_3e+06.bin  t_int=3.6e+07
  nogap/SURF_mJ_3_aemb_1.00_fe_1_tdep_1e+05.bin  t_int=1.2e+06
  nogap/SURF_mJ_3_aemb_1.00_fe_1_tdep_3e+05.bin  t_int=3.6e+06
  nogap/SURF_mJ_3_aemb_1.00_fe_1_tdep_1e+06.bin  t_int=1.2e+07
  nogap/SURF_mJ_3_aemb_1.00_fe_1_tdep_3e+06.bin  t_int=3.6e+07
  nogap/SURF_mJ_3_aemb_1.00_fe_0.5_tdep_1e+05.bin  t_int=1.2e+06
  nogap/SURF_mJ_3_aemb_1.00_fe_0.5_tdep_3e+05.bin  t_int=3.6e+06
  nogap/SURF_mJ_3_aemb_1.00_fe_0.5_tdep_1e+06.bin  t_int=1.2e+07
  nogap/SURF_mJ_3_aemb_1.00_fe_0.5_tdep_3e+06.bin  t_int=3.6e+07
  nogap/SURF_mJ_3_aemb_1.00_fe_0_tdep_1e+05.bin  t_int=1.2e+06
  nogap/SURF_mJ_3_aemb_1.00_fe_0_tdep_3e+05.bin  t_int=3.6e+06
  nogap/SURF_mJ_3_aemb_1.00_fe_0_tdep_1e+06.bin  t_int=1.2e+07
  nogap/SURF_mJ_3_aemb_1.00_fe_0_tdep_3e+06.bin  t_int=3.6e+07
  nogap/SURF_mJ_3_aemb_1.50_fe_1_tdep_1e+05.bin  t_int=1.2e+06
  nogap/SURF_mJ_3_aemb_1.50_fe_1_tdep_3e+05.bin  t_int=3.6e+06
  nogap/SURF_mJ_3_aemb_1.50_fe_1_tdep_1e+06.bin  t_int=1.2e+07
  nogap/SURF_mJ_3_aemb_1.50_fe_1_tdep_3e+06.bin  t_int=3.6e+07
  nogap/SURF_mJ_3_aemb_1.50_fe_0.5_tdep_1e+05.bin  t_int=1.2e+06
  nogap/SURF_mJ_3_aemb_1.50_fe_0.5_tdep_3e+05.bin  t_int=3.6e+06
  nogap/SURF_mJ_3_aemb_1.50_fe_0.5_tdep_1e+06.bin  t_int=1.2e+07
  nogap/SURF_mJ_3_aemb_1.50_fe_0.5_tdep_3e+06.bin  t_int=3.6e+07
  nogap/SURF_mJ_3_aemb_1.50_fe_0_tdep_3e+05.bin  t_int=3.6e+06
  nogap/SURF_mJ_3_aemb_1.50_fe_0_tdep_1e+06.bin  t_int=1.2e+07
  nogap/SURF_mJ_3_aemb_1.50_fe_0_tdep_3e+06.bin  t_int=3.6e+07
  nogap/SURF_mJ_3_aemb_2.00_fe_1_tdep_3e+05.bin  t_int=3.6e+06
  nogap/SURF_mJ_3_aemb_2.00_fe_1_tdep_1e+06.bin  t_int=1.2e+07
  nogap/SURF_mJ_3_aemb_2.00_fe_1_tdep_3e+06.bin  t_int=3.6e+07
  nogap/SURF_mJ_3_aemb_2.00_fe_0.5_tdep_3e+05.bin  t_int=3.6e+06
  nogap/SURF_mJ_3_aemb_2.00_fe_0.5_tdep_1e+06.bin  t_int=1.2e+07
  nogap/SURF_mJ_3_aemb_2.00_fe_0.5_tdep_3e+06.bin  t_int=3.6e+07
  nogap/SURF_mJ_3_aemb_2.00_fe_0_tdep_3e+05.bin  t_int=3.6e+06
  nogap/SURF_mJ_3_aemb_2.00_fe_0_tdep_1e+06.bin  t_int=1.2e+07
  nogap/SURF_mJ_3_aemb_2.00_fe_0_tdep_3e+06.bin  t_int=3.6e+07
  nogap/SURF_mJ_10_aemb_1.00_fe_1_tdep_1e+05.bin  t_int=1.2e+06
  nogap/SURF_mJ_10_aemb_1.00_fe_1_tdep_3e+05.bin  t_int=3.6e+06
  nogap/SURF_mJ_10_aemb_1.00_fe_1_tdep_1e+06.bin  t_int=1.2e+07
  nogap/SURF_mJ_10_aemb_1.00_fe_1_tdep_3e+06.bin  t_int=3.6e+07
  nogap/SURF_mJ_10_aemb_1.00_fe_0.5_tdep_1e+05.bin  t_int=1.2e+06
  nogap/SURF_mJ_10_aemb_1.00_fe_0.5_tdep_3e+05.bin  t_int=3.6e+06
  nogap/SURF_mJ_10_aemb_1.00_fe_0.5_tdep_1e+06.bin  t_int=1.2e+07
  nogap/SURF_mJ_10_aemb_1.00_fe_0.5_tdep_3e+06.bin  t_int=3.6e+07
  nogap/SURF_mJ_10_aemb_1.00_fe_0_tdep_3e+05.bin  t_int=3.6e+06
  nogap/SURF_mJ_10_aemb_1.00_fe_0_tdep_1e+06.bin  t_int=1.2e+07
  nogap/SURF_mJ_10_aemb_1.00_fe_0_tdep_3e+06.bin  t_int=3.6e+07
  nogap/SURF_mJ_10_aemb_1.50_fe_1_tdep_1e+05.bin  t_int=1.2e+06
  nogap/SURF_mJ_10_aemb_1.50_fe_1_tdep_3e+05.bin  t_int=3.6e+06
  nogap/SURF_mJ_10_aemb_1.50_fe_1_tdep_1e+06.bin  t_int=1.2e+07
  nogap/SURF_mJ_10_aemb_1.50_fe_1_tdep_3e+06.bin  t_int=3.6e+07
  nogap/SURF_mJ_10_aemb_1.50_fe_0.5_tdep_1e+05.bin  t_int=1.2e+06
  nogap/SURF_mJ_10_aemb_1.50_fe_0.5_tdep_3e+05.bin  t_int=3.6e+06
  nogap/SURF_mJ_10_aemb_1.50_fe_0.5_tdep_1e+06.bin  t_int=1.2e+07
  nogap/SURF_mJ_10_aemb_1.50_fe_0.5_tdep_3e+06.bin  t_int=3.6e+07
  nogap/SURF_mJ_10_aemb_1.50_fe_0_tdep_1e+05.bin  t_int=1.2e+06
  nogap/SURF_mJ_10_aemb_1.50_fe_0_tdep_3e+05.bin  t_int=3.6e+06
  nogap/SURF_mJ_10_aemb_1.50_fe_0_tdep_1e+06.bin  t_int=1.2e+07
  nogap/SURF_mJ_10_aemb_1.50_fe_0_tdep_3e+06.bin  t_int=3.6e+07
  nogap/SURF_mJ_10_aemb_2.00_fe_1_tdep_1e+05.bin  t_int=1.2e+06
  nogap/SURF_mJ_10_aemb_2.00_fe_1_tdep_3e+05.bin  t_int=3.6e+06
  nogap/SURF_mJ_10_aemb_2.00_fe_1_tdep_1e+06.bin  t_int=1.2e+07
  nogap/SURF_mJ_10_aemb_2.00_fe_1_tdep_3e+06.bin  t_int=3.6e+07
  nogap/SURF_mJ_10_aemb_2.00_fe_0.5_tdep_3e+05.bin  t_int=3.6e+06
  nogap/SURF_mJ_10_aemb_2.00_fe_0.5_tdep_1e+06.bin  t_int=1.2e+07
  nogap/SURF_mJ_10_aemb_2.00_fe_0.5_tdep_3e+06.bin  t_int=3.6e+07
  nogap/SURF_mJ_10_aemb_2.00_fe_0_tdep_1e+06.bin  t_int=1.2e+07
  nogap/SURF_mJ_10_aemb_2.00_fe_0_tdep_3e+06.bin  t_int=3.6e+07
  gap/SURF_mJ_1_aemb_1.00_fe_1_tdep_1e+05.bin  t_int=1.2e+06
  gap/SURF_mJ_1_aemb_1.00_fe_1_tdep_3e+05.bin  t_int=3.6e+06
  gap/SURF_mJ_1_aemb_1.00_fe_1_tdep_1e+06.bin  t_int=1.2e+07
  gap/SURF_mJ_1_aemb_1.00_fe_1_tdep_3e+06.bin  t_int=3.6e+07
  gap/SURF_mJ_1_aemb_1.00_fe_0.5_tdep_1e+05.bin  t_int=1.2e+06
  gap/SURF_mJ_1_aemb_1.00_fe_0.5_tdep_3e+05.bin  t_int=3.6e+06
  gap/SURF_mJ_1_aemb_1.00_fe_0.5_tdep_1e+06.bin  t_int=1.2e+07
  gap/SURF_mJ_1_aemb_1.00_fe_0.5_tdep_3e+06.bin  t_int=3.6e+07
  gap/SURF_mJ_1_aemb_1.00_fe_0_tdep_1e+05.bin  t_int=1.2e+06
  gap/SURF_mJ_1_aemb_1.00_fe_0_tdep_3e+05.bin  t_int=3.6e+06
  gap/SURF_mJ_1_aemb_1.00_fe_0_tdep_1e+06.bin  t_int=1.2e+07
  gap/SURF_mJ_1_aemb_1.00_fe_0_tdep_3e+06.bin  t_int=3.6e+07
  gap/SURF_mJ_1_aemb_1.50_fe_1_tdep_1e+05.bin  t_int=1.2e+06
  gap/SURF_mJ_1_aemb_1.50_fe_1_tdep_3e+05.bin  t_int=3.6e+06
  gap/SURF_mJ_1_aemb_1.50_fe_1_tdep_1e+06.bin  t_int=1.2e+07
  gap/SURF_mJ_1_aemb_1.50_fe_1_tdep_3e+06.bin  t_int=3.6e+07
  gap/SURF_mJ_1_aemb_1.50_fe_0.5_tdep_1e+05.bin  t_int=1.2e+06
  gap/SURF_mJ_1_aemb_1.50_fe_0.5_tdep_3e+05.bin  t_int=3.6e+06
  gap/SURF_mJ_1_aemb_1.50_fe_0.5_tdep_1e+06.bin  t_int=1.2e+07
  gap/SURF_mJ_1_aemb_1.50_fe_0.5_tdep_3e+06.bin  t_int=3.6e+07
  gap/SURF_mJ_1_aemb_1.50_fe_0_tdep_3e+05.bin  t_int=3.6e+06
  gap/SURF_mJ_1_aemb_1.50_fe_0_tdep_1e+06.bin  t_int=1.2e+07
  gap/SURF_mJ_1_aemb_1.50_fe_0_tdep_3e+06.bin  t_int=3.6e+07
  gap/SURF_mJ_1_aemb_2.00_fe_1_tdep_1e+05.bin  t_int=1.2e+06
  gap/SURF_mJ_1_aemb_2.00_fe_1_tdep_3e+05.bin  t_int=3.6e+06
  gap/SURF_mJ_1_aemb_2.00_fe_1_tdep_1e+06.bin  t_int=1.2e+07
  gap/SURF_mJ_1_aemb_2.00_fe_1_tdep_3e+06.bin  t_int=3.6e+07
  gap/SURF_mJ_1_aemb_2.00_fe_0.5_tdep_1e+05.bin  t_int=1.2e+06
  gap/SURF_mJ_1_aemb_2.00_fe_0.5_tdep_3e+05.bin  t_int=3.6e+06
  gap/SURF_mJ_1_aemb_2.00_fe_0.5_tdep_1e+06.bin  t_int=1.2e+07
  gap/SURF_mJ_1_aemb_2.00_fe_0.5_tdep_3e+06.bin  t_int=3.6e+07
  gap/SURF_mJ_1_aemb_2.00_fe_0_tdep_1e+05.bin  t_int=1.2e+06
  gap/SURF_mJ_1_aemb_2.00_fe_0_tdep_3e+05.bin  t_int=3.6e+06
  gap/SURF_mJ_1_aemb_2.00_fe_0_tdep_1e+06.bin  t_int=1.2e+07
  gap/SURF_mJ_1_aemb_2.00_fe_0_tdep_3e+06.bin  t_int=3.6e+07
  gap/SURF_mJ_3_aemb_1.00_fe_1_tdep_1e+05.bin  t_int=1.2e+06
  gap/SURF_mJ_3_aemb_1.00_fe_1_tdep_3e+05.bin  t_int=3.6e+06
  gap/SURF_mJ_3_aemb_1.00_fe_1_tdep_1e+06.bin  t_int=1.2e+07
  gap/SURF_mJ_3_aemb_1.00_fe_1_tdep_3e+06.bin  t_int=3.6e+07
  gap/SURF_mJ_3_aemb_1.00_fe_0.5_tdep_1e+05.bin  t_int=1.2e+06
  gap/SURF_mJ_3_aemb_1.00_fe_0.5_tdep_3e+05.bin  t_int=3.6e+06
  gap/SURF_mJ_3_aemb_1.00_fe_0.5_tdep_1e+06.bin  t_int=1.2e+07
  gap/SURF_mJ_3_aemb_1.00_fe_0.5_tdep_3e+06.bin  t_int=3.6e+07
  gap/SURF_mJ_3_aemb_1.00_fe_0_tdep_1e+05.bin  t_int=1.2e+06
  gap/SURF_mJ_3_aemb_1.00_fe_0_tdep_3e+05.bin  t_int=3.6e+06
  gap/SURF_mJ_3_aemb_1.00_fe_0_tdep_1e+06.bin  t_int=1.2e+07
  gap/SURF_mJ_3_aemb_1.00_fe_0_tdep_3e+06.bin  t_int=3.6e+07
  gap/SURF_mJ_3_aemb_1.50_fe_1_tdep_1e+05.bin  t_int=1.2e+06
  gap/SURF_mJ_3_aemb_1.50_fe_1_tdep_3e+05.bin  t_int=3.6e+06
  gap/SURF_mJ_3_aemb_1.50_fe_1_tdep_1e+06.bin  t_int=1.2e+07
  gap/SURF_mJ_3_aemb_1.50_fe_1_tdep_3e+06.bin  t_int=3.6e+07
  gap/SURF_mJ_3_aemb_1.50_fe_0.5_tdep_1e+05.bin  t_int=1.2e+06
  gap/SURF_mJ_3_aemb_1.50_fe_0.5_tdep_3e+05.bin  t_int=3.6e+06
  gap/SURF_mJ_3_aemb_1.50_fe_0.5_tdep_1e+06.bin  t_int=1.2e+07
  gap/SURF_mJ_3_aemb_1.50_fe_0.5_tdep_3e+06.bin  t_int=3.6e+07
  gap/SURF_mJ_3_aemb_1.50_fe_0_tdep_1e+05.bin  t_int=1.2e+06
  gap/SURF_mJ_3_aemb_1.50_fe_0_tdep_3e+05.bin  t_int=3.6e+06
  gap/SURF_mJ_3_aemb_1.50_fe_0_tdep_1e+06.bin  t_int=1.2e+07
  gap/SURF_mJ_3_aemb_1.50_fe_0_tdep_3e+06.bin  t_int=3.6e+07
  gap/SURF_mJ_3_aemb_2.00_fe_1_tdep_1e+05.bin  t_int=1.2e+06
  gap/SURF_mJ_3_aemb_2.00_fe_1_tdep_3e+05.bin  t_int=3.6e+06
  gap/SURF_mJ_3_aemb_2.00_fe_1_tdep_1e+06.bin  t_int=1.2e+07
  gap/SURF_mJ_3_aemb_2.00_fe_1_tdep_3e+06.bin  t_int=3.6e+07
  gap/SURF_mJ_3_aemb_2.00_fe_0.5_tdep_3e+05.bin  t_int=3.6e+06
  gap/SURF_mJ_3_aemb_2.00_fe_0.5_tdep_1e+06.bin  t_int=1.2e+07
  gap/SURF_mJ_3_aemb_2.00_fe_0.5_tdep_3e+06.bin  t_int=3.6e+07
  gap/SURF_mJ_3_aemb_2.00_fe_0_tdep_3e+05.bin  t_int=3.6e+06
  gap/SURF_mJ_3_aemb_2.00_fe_0_tdep_1e+06.bin  t_int=1.2e+07
  gap/SURF_mJ_3_aemb_2.00_fe_0_tdep_3e+06.bin  t_int=3.6e+07
  gap/SURF_mJ_10_aemb_1.00_fe_1_tdep_1e+05.bin  t_int=1.2e+06
  gap/SURF_mJ_10_aemb_1.00_fe_1_tdep_3e+05.bin  t_int=3.6e+06
  gap/SURF_mJ_10_aemb_1.00_fe_1_tdep_1e+06.bin  t_int=1.2e+07
  gap/SURF_mJ_10_aemb_1.00_fe_1_tdep_3e+06.bin  t_int=3.6e+07
  gap/SURF_mJ_10_aemb_1.00_fe_0.5_tdep_1e+05.bin  t_int=1.2e+06
  gap/SURF_mJ_10_aemb_1.00_fe_0.5_tdep_3e+05.bin  t_int=3.6e+06
  gap/SURF_mJ_10_aemb_1.00_fe_0.5_tdep_1e+06.bin  t_int=1.2e+07
  gap/SURF_mJ_10_aemb_1.00_fe_0.5_tdep_3e+06.bin  t_int=3.6e+07
  gap/SURF_mJ_10_aemb_1.00_fe_0_tdep_1e+05.bin  t_int=1.2e+06
  gap/SURF_mJ_10_aemb_1.00_fe_0_tdep_3e+05.bin  t_int=3.6e+06
  gap/SURF_mJ_10_aemb_1.00_fe_0_tdep_1e+06.bin  t_int=1.2e+07
  gap/SURF_mJ_10_aemb_1.00_fe_0_tdep_3e+06.bin  t_int=3.6e+07
  gap/SURF_mJ_10_aemb_1.50_fe_1_tdep_1e+05.bin  t_int=1.2e+06
  gap/SURF_mJ_10_aemb_1.50_fe_1_tdep_3e+05.bin  t_int=3.6e+06
  gap/SURF_mJ_10_aemb_1.50_fe_1_tdep_1e+06.bin  t_int=1.2e+07
  gap/SURF_mJ_10_aemb_1.50_fe_1_tdep_3e+06.bin  t_int=3.6e+07
  gap/SURF_mJ_10_aemb_1.50_fe_0.5_tdep_1e+05.bin  t_int=1.2e+06
  gap/SURF_mJ_10_aemb_1.50_fe_0.5_tdep_3e+05.bin  t_int=3.6e+06
  gap/SURF_mJ_10_aemb_1.50_fe_0.5_tdep_1e+06.bin  t_int=1.2e+07
  gap/SURF_mJ_10_aemb_1.50_fe_0.5_tdep_3e+06.bin  t_int=3.6e+07
  gap/SURF_mJ_10_aemb_1.50_fe_0_tdep_3e+05.bin  t_int=3.6e+06
  gap/SURF_mJ_10_aemb_1.50_fe_0_tdep_1e+06.bin  t_int=1.2e+07
  gap/SURF_mJ_10_aemb_1.50_fe_0_tdep_3e+06.bin  t_int=3.6e+07
  gap/SURF_mJ_10_aemb_2.00_fe_1_tdep_3e+05.bin  t_int=3.6e+06
  gap/SURF_mJ_10_aemb_2.00_fe_1_tdep_1e+06.bin  t_int=1.2e+07
  gap/SURF_mJ_10_aemb_2.00_fe_1_tdep_3e+06.bin  t_int=3.6e+07
  gap/SURF_mJ_10_aemb_2.00_fe_0.5_tdep_1e+05.bin  t_int=1.2e+06
  gap/SURF_mJ_10_aemb_2.00_fe_0.5_tdep_3e+05.bin  t_int=3.6e+06
  gap/SURF_mJ_10_aemb_2.00_fe_0.5_tdep_1e+06.bin  t_int=1.2e+07
  gap/SURF_mJ_10_aemb_2.00_fe_0.5_tdep_3e+06.bin  t_int=3.6e+07
  gap/SURF_mJ_10_aemb_2.00_fe_0_tdep_1e+05.bin  t_int=1.2e+06
  gap/SURF_mJ_10_aemb_2.00_fe_0_tdep_3e+05.bin  t_int=3.6e+06
  gap/SURF_mJ_10_aemb_2.00_fe_0_tdep_1e+06.bin  t_int=1.2e+07
  gap/SURF_mJ_10_aemb_2.00_fe_0_tdep_3e+06.bin  t_int=3.6e+07
